Archive member included to satisfy reference by file (symbol)

c:/st/stm32cubeide_1.11.0/stm32cubeide/plugins/com.st.stm32cube.ide.mcu.externaltools.gnu-tools-for-stm32.10.3-2021.10.win32_1.0.100.202210260954/tools/bin/../lib/gcc/arm-none-eabi/10.3.1/../../../../arm-none-eabi/lib/thumb/v7e-m+fp/hard\libc_nano.a(lib_a-errno.o)
                              ./Core/Src/syscalls.o (__errno)
c:/st/stm32cubeide_1.11.0/stm32cubeide/plugins/com.st.stm32cube.ide.mcu.externaltools.gnu-tools-for-stm32.10.3-2021.10.win32_1.0.100.202210260954/tools/bin/../lib/gcc/arm-none-eabi/10.3.1/../../../../arm-none-eabi/lib/thumb/v7e-m+fp/hard\libc_nano.a(lib_a-exit.o)
                              c:/st/stm32cubeide_1.11.0/stm32cubeide/plugins/com.st.stm32cube.ide.mcu.externaltools.gnu-tools-for-stm32.10.3-2021.10.win32_1.0.100.202210260954/tools/bin/../lib/gcc/arm-none-eabi/10.3.1/../../../../arm-none-eabi/lib/thumb/v7e-m+fp/hard/crt0.o (exit)
c:/st/stm32cubeide_1.11.0/stm32cubeide/plugins/com.st.stm32cube.ide.mcu.externaltools.gnu-tools-for-stm32.10.3-2021.10.win32_1.0.100.202210260954/tools/bin/../lib/gcc/arm-none-eabi/10.3.1/../../../../arm-none-eabi/lib/thumb/v7e-m+fp/hard\libc_nano.a(lib_a-impure.o)
                              c:/st/stm32cubeide_1.11.0/stm32cubeide/plugins/com.st.stm32cube.ide.mcu.externaltools.gnu-tools-for-stm32.10.3-2021.10.win32_1.0.100.202210260954/tools/bin/../lib/gcc/arm-none-eabi/10.3.1/../../../../arm-none-eabi/lib/thumb/v7e-m+fp/hard\libc_nano.a(lib_a-exit.o) (_global_impure_ptr)
c:/st/stm32cubeide_1.11.0/stm32cubeide/plugins/com.st.stm32cube.ide.mcu.externaltools.gnu-tools-for-stm32.10.3-2021.10.win32_1.0.100.202210260954/tools/bin/../lib/gcc/arm-none-eabi/10.3.1/../../../../arm-none-eabi/lib/thumb/v7e-m+fp/hard\libc_nano.a(lib_a-init.o)
                              c:/st/stm32cubeide_1.11.0/stm32cubeide/plugins/com.st.stm32cube.ide.mcu.externaltools.gnu-tools-for-stm32.10.3-2021.10.win32_1.0.100.202210260954/tools/bin/../lib/gcc/arm-none-eabi/10.3.1/../../../../arm-none-eabi/lib/thumb/v7e-m+fp/hard/crt0.o (__libc_init_array)
c:/st/stm32cubeide_1.11.0/stm32cubeide/plugins/com.st.stm32cube.ide.mcu.externaltools.gnu-tools-for-stm32.10.3-2021.10.win32_1.0.100.202210260954/tools/bin/../lib/gcc/arm-none-eabi/10.3.1/../../../../arm-none-eabi/lib/thumb/v7e-m+fp/hard\libc_nano.a(lib_a-memset.o)
                              c:/st/stm32cubeide_1.11.0/stm32cubeide/plugins/com.st.stm32cube.ide.mcu.externaltools.gnu-tools-for-stm32.10.3-2021.10.win32_1.0.100.202210260954/tools/bin/../lib/gcc/arm-none-eabi/10.3.1/../../../../arm-none-eabi/lib/thumb/v7e-m+fp/hard/crt0.o (memset)

Discarded input sections

 .text          0x0000000000000000        0x0 c:/st/stm32cubeide_1.11.0/stm32cubeide/plugins/com.st.stm32cube.ide.mcu.externaltools.gnu-tools-for-stm32.10.3-2021.10.win32_1.0.100.202210260954/tools/bin/../lib/gcc/arm-none-eabi/10.3.1/thumb/v7e-m+fp/hard/crti.o
 .data          0x0000000000000000        0x0 c:/st/stm32cubeide_1.11.0/stm32cubeide/plugins/com.st.stm32cube.ide.mcu.externaltools.gnu-tools-for-stm32.10.3-2021.10.win32_1.0.100.202210260954/tools/bin/../lib/gcc/arm-none-eabi/10.3.1/thumb/v7e-m+fp/hard/crti.o
 .bss           0x0000000000000000        0x0 c:/st/stm32cubeide_1.11.0/stm32cubeide/plugins/com.st.stm32cube.ide.mcu.externaltools.gnu-tools-for-stm32.10.3-2021.10.win32_1.0.100.202210260954/tools/bin/../lib/gcc/arm-none-eabi/10.3.1/thumb/v7e-m+fp/hard/crti.o
 .data          0x0000000000000000        0x4 c:/st/stm32cubeide_1.11.0/stm32cubeide/plugins/com.st.stm32cube.ide.mcu.externaltools.gnu-tools-for-stm32.10.3-2021.10.win32_1.0.100.202210260954/tools/bin/../lib/gcc/arm-none-eabi/10.3.1/thumb/v7e-m+fp/hard/crtbegin.o
 .rodata        0x0000000000000000       0x24 c:/st/stm32cubeide_1.11.0/stm32cubeide/plugins/com.st.stm32cube.ide.mcu.externaltools.gnu-tools-for-stm32.10.3-2021.10.win32_1.0.100.202210260954/tools/bin/../lib/gcc/arm-none-eabi/10.3.1/thumb/v7e-m+fp/hard/crtbegin.o
 .text          0x0000000000000000       0x7c c:/st/stm32cubeide_1.11.0/stm32cubeide/plugins/com.st.stm32cube.ide.mcu.externaltools.gnu-tools-for-stm32.10.3-2021.10.win32_1.0.100.202210260954/tools/bin/../lib/gcc/arm-none-eabi/10.3.1/../../../../arm-none-eabi/lib/thumb/v7e-m+fp/hard/crt0.o
 .data          0x0000000000000000        0x0 c:/st/stm32cubeide_1.11.0/stm32cubeide/plugins/com.st.stm32cube.ide.mcu.externaltools.gnu-tools-for-stm32.10.3-2021.10.win32_1.0.100.202210260954/tools/bin/../lib/gcc/arm-none-eabi/10.3.1/../../../../arm-none-eabi/lib/thumb/v7e-m+fp/hard/crt0.o
 .bss           0x0000000000000000        0x0 c:/st/stm32cubeide_1.11.0/stm32cubeide/plugins/com.st.stm32cube.ide.mcu.externaltools.gnu-tools-for-stm32.10.3-2021.10.win32_1.0.100.202210260954/tools/bin/../lib/gcc/arm-none-eabi/10.3.1/../../../../arm-none-eabi/lib/thumb/v7e-m+fp/hard/crt0.o
[...]
Memory Configuration

Name             Origin             Length             Attributes
CCMRAM           0x0000000010000000 0x0000000000002000 xrw
RAM              0x0000000020000000 0x000000000000a000 xrw
FLASH            0x0000000008000000 0x0000000000040000 xr
*default*        0x0000000000000000 0xffffffffffffffff

Linker script and memory map

LOAD c:/st/stm32cubeide_1.11.0/stm32cubeide/plugins/com.st.stm32cube.ide.mcu.externaltools.gnu-tools-for-stm32.10.3-2021.10.win32_1.0.100.202210260954/tools/bin/../lib/gcc/arm-none-eabi/10.3.1/thumb/v7e-m+fp/hard/crti.o
LOAD c:/st/stm32cubeide_1.11.0/stm32cubeide/plugins/com.st.stm32cube.ide.mcu.externaltools.gnu-tools-for-stm32.10.3-2021.10.win32_1.0.100.202210260954/tools/bin/../lib/gcc/arm-none-eabi/10.3.1/thumb/v7e-m+fp/hard/crtbegin.o
LOAD c:/st/stm32cubeide_1.11.0/stm32cubeide/plugins/com.st.stm32cube.ide.mcu.externaltools.gnu-tools-for-stm32.10.3-2021.10.win32_1.0.100.202210260954/tools/bin/../lib/gcc/arm-none-eabi/10.3.1/../../../../arm-none-eabi/lib/thumb/v7e-m+fp/hard/crt0.o
LOAD ./Core/Src/gpio.o
LOAD ./Core/Src/i2c.o
LOAD ./Core/Src/main.o
LOAD ./Core/Src/spi.o
LOAD ./Core/Src/stm32f3xx_hal_msp.o
LOAD ./Core/Src/stm32f3xx_it.o
LOAD ./Core/Src/syscalls.o
LOAD ./Core/Src/sysmem.o
LOAD ./Core/Src/system_stm32f3xx.o
LOAD ./Core/Src/tim.o
LOAD ./Core/Src/usb.o
LOAD ./Core/Startup/startup_stm32f303vctx.o
LOAD ./Drivers/STM32F3xx_HAL_Driver/Src/stm32f3xx_hal.o
LOAD ./Drivers/STM32F3xx_HAL_Driver/Src/stm32f3xx_hal_cortex.o
LOAD ./Drivers/STM32F3xx_HAL_Driver/Src/stm32f3xx_hal_dma.o
LOAD ./Drivers/STM32F3xx_HAL_Driver/Src/stm32f3xx_hal_exti.o
LOAD ./Drivers/STM32F3xx_HAL_Driver/Src/stm32f3xx_hal_flash.o
LOAD ./Drivers/STM32F3xx_HAL_Driver/Src/stm32f3xx_hal_flash_ex.o
LOAD ./Drivers/STM32F3xx_HAL_Driver/Src/stm32f3xx_hal_gpio.o
LOAD ./Drivers/STM32F3xx_HAL_Driver/Src/stm32f3xx_hal_i2c.o
LOAD ./Drivers/STM32F3xx_HAL_Driver/Src/stm32f3xx_hal_i2c_ex.o
LOAD ./Drivers/STM32F3xx_HAL_Driver/Src/stm32f3xx_hal_pcd.o
LOAD ./Drivers/STM32F3xx_HAL_Driver/Src/stm32f3xx_hal_pcd_ex.o
LOAD ./Drivers/STM32F3xx_HAL_Driver/Src/stm32f3xx_hal_pwr.o
LOAD ./Drivers/STM32F3xx_HAL_Driver/Src/stm32f3xx_hal_pwr_ex.o
LOAD ./Drivers/STM32F3xx_HAL_Driver/Src/stm32f3xx_hal_rcc.o
LOAD ./Drivers/STM32F3xx_HAL_Driver/Src/stm32f3xx_hal_rcc_ex.o
LOAD ./Drivers/STM32F3xx_HAL_Driver/Src/stm32f3xx_hal_spi.o
LOAD ./Drivers/STM32F3xx_HAL_Driver/Src/stm32f3xx_hal_spi_ex.o
LOAD ./Drivers/STM32F3xx_HAL_Driver/Src/stm32f3xx_hal_tim.o
LOAD ./Drivers/STM32F3xx_HAL_Driver/Src/stm32f3xx_hal_tim_ex.o
LOAD ./Drivers/STM32F3xx_HAL_Driver/Src/stm32f3xx_ll_usb.o
LOAD ./Drivers/l3gd20/Gyro_kit9.o
LOAD ./Drivers/l3gd20/l3gd20.o
START GROUP
LOAD c:/st/stm32cubeide_1.11.0/stm32cubeide/plugins/com.st.stm32cube.ide.mcu.externaltools.gnu-tools-for-stm32.10.3-2021.10.win32_1.0.100.202210260954/tools/bin/../lib/gcc/arm-none-eabi/10.3.1/../../../../arm-none-eabi/lib/thumb/v7e-m+fp/hard\libstdc++_nano.a
LOAD c:/st/stm32cubeide_1.11.0/stm32cubeide/plugins/com.st.stm32cube.ide.mcu.externaltools.gnu-tools-for-stm32.10.3-2021.10.win32_1.0.100.202210260954/tools/bin/../lib/gcc/arm-none-eabi/10.3.1/../../../../arm-none-eabi/lib/thumb/v7e-m+fp/hard\libsupc++_nano.a
END GROUP
LOAD c:/st/stm32cubeide_1.11.0/stm32cubeide/plugins/com.st.stm32cube.ide.mcu.externaltools.gnu-tools-for-stm32.10.3-2021.10.win32_1.0.100.202210260954/tools/bin/../lib/gcc/arm-none-eabi/10.3.1/../../../../arm-none-eabi/lib/thumb/v7e-m+fp/hard\libstdc++_nano.a
LOAD c:/st/stm32cubeide_1.11.0/stm32cubeide/plugins/com.st.stm32cube.ide.mcu.externaltools.gnu-tools-for-stm32.10.3-2021.10.win32_1.0.100.202210260954/tools/bin/../lib/gcc/arm-none-eabi/10.3.1/../../../../arm-none-eabi/lib/thumb/v7e-m+fp/hard\libm.a
LOAD c:/st/stm32cubeide_1.11.0/stm32cubeide/plugins/com.st.stm32cube.ide.mcu.externaltools.gnu-tools-for-stm32.10.3-2021.10.win32_1.0.100.202210260954/tools/bin/../lib/gcc/arm-none-eabi/10.3.1/../../../../arm-none-eabi/lib/thumb/v7e-m+fp/hard\libc_nano.a
START GROUP
LOAD c:/st/stm32cubeide_1.11.0/stm32cubeide/plugins/com.st.stm32cube.ide.mcu.externaltools.gnu-tools-for-stm32.10.3-2021.10.win32_1.0.100.202210260954/tools/bin/../lib/gcc/arm-none-eabi/10.3.1/thumb/v7e-m+fp/hard\libgcc.a
LOAD c:/st/stm32cubeide_1.11.0/stm32cubeide/plugins/com.st.stm32cube.ide.mcu.externaltools.gnu-tools-for-stm32.10.3-2021.10.win32_1.0.100.202210260954/tools/bin/../lib/gcc/arm-none-eabi/10.3.1/../../../../arm-none-eabi/lib/thumb/v7e-m+fp/hard\libc_nano.a
END GROUP
START GROUP
LOAD c:/st/stm32cubeide_1.11.0/stm32cubeide/plugins/com.st.stm32cube.ide.mcu.externaltools.gnu-tools-for-stm32.10.3-2021.10.win32_1.0.100.202210260954/tools/bin/../lib/gcc/arm-none-eabi/10.3.1/thumb/v7e-m+fp/hard\libgcc.a
LOAD c:/st/stm32cubeide_1.11.0/stm32cubeide/plugins/com.st.stm32cube.ide.mcu.externaltools.gnu-tools-for-stm32.10.3-2021.10.win32_1.0.100.202210260954/tools/bin/../lib/gcc/arm-none-eabi/10.3.1/../../../../arm-none-eabi/lib/thumb/v7e-m+fp/hard\libc_nano.a
LOAD c:/st/stm32cubeide_1.11.0/stm32cubeide/plugins/com.st.stm32cube.ide.mcu.externaltools.gnu-tools-for-stm32.10.3-2021.10.win32_1.0.100.202210260954/tools/bin/../lib/gcc/arm-none-eabi/10.3.1/../../../../arm-none-eabi/lib/thumb/v7e-m+fp/hard\libnosys.a
END GROUP
START GROUP
LOAD c:/st/stm32cubeide_1.11.0/stm32cubeide/plugins/com.st.stm32cube.ide.mcu.externaltools.gnu-tools-for-stm32.10.3-2021.10.win32_1.0.100.202210260954/tools/bin/../lib/gcc/arm-none-eabi/10.3.1/thumb/v7e-m+fp/hard\libgcc.a
LOAD c:/st/stm32cubeide_1.11.0/stm32cubeide/plugins/com.st.stm32cube.ide.mcu.externaltools.gnu-tools-for-stm32.10.3-2021.10.win32_1.0.100.202210260954/tools/bin/../lib/gcc/arm-none-eabi/10.3.1/../../../../arm-none-eabi/lib/thumb/v7e-m+fp/hard\libc_nano.a
LOAD c:/st/stm32cubeide_1.11.0/stm32cubeide/plugins/com.st.stm32cube.ide.mcu.externaltools.gnu-tools-for-stm32.10.3-2021.10.win32_1.0.100.202210260954/tools/bin/../lib/gcc/arm-none-eabi/10.3.1/../../../../arm-none-eabi/lib/thumb/v7e-m+fp/hard\libnosys.a
END GROUP
LOAD c:/st/stm32cubeide_1.11.0/stm32cubeide/plugins/com.st.stm32cube.ide.mcu.externaltools.gnu-tools-for-stm32.10.3-2021.10.win32_1.0.100.202210260954/tools/bin/../lib/gcc/arm-none-eabi/10.3.1/thumb/v7e-m+fp/hard/crtend.o
LOAD c:/st/stm32cubeide_1.11.0/stm32cubeide/plugins/com.st.stm32cube.ide.mcu.externaltools.gnu-tools-for-stm32.10.3-2021.10.win32_1.0.100.202210260954/tools/bin/../lib/gcc/arm-none-eabi/10.3.1/thumb/v7e-m+fp/hard/crtn.o
                0x000000002000a000                _estack = (ORIGIN (RAM) + LENGTH (RAM))
                0x0000000000000200                _Min_Heap_Size = 0x200
                0x0000000000000400                _Min_Stack_Size = 0x400

.isr_vector     0x0000000008000000      0x188
                0x0000000008000000                . = ALIGN (0x4)
 *(.isr_vector)
 .isr_vector    0x0000000008000000      0x188 ./Core/Startup/startup_stm32f303vctx.o
                0x0000000008000000                g_pfnVectors
                0x0000000008000188                . = ALIGN (0x4)

.text           0x0000000008000188     0x58dc
                0x0000000008000188                . = ALIGN (0x4)
 *(.text)
 .text          0x0000000008000188       0x40 c:/st/stm32cubeide_1.11.0/stm32cubeide/plugins/com.st.stm32cube.ide.mcu.externaltools.gnu-tools-for-stm32.10.3-2021.10.win32_1.0.100.202210260954/tools/bin/../lib/gcc/arm-none-eabi/10.3.1/thumb/v7e-m+fp/hard/crtbegin.o
 *(.text*)
 .text.MX_GPIO_Init
                0x00000000080001c8      0x118 ./Core/Src/gpio.o
                0x00000000080001c8                MX_GPIO_Init
 .text.MX_I2C1_Init
                0x00000000080002e0       0x80 ./Core/Src/i2c.o
                0x00000000080002e0                MX_I2C1_Init
 .text.HAL_I2C_MspInit
                0x0000000008000360       0xb8 ./Core/Src/i2c.o
                0x0000000008000360                HAL_I2C_MspInit
 .text.main     0x0000000008000418       0xb8 ./Core/Src/main.o
                0x0000000008000418                main
 .text.SystemClock_Config
                0x00000000080004d0       0xc8 ./Core/Src/main.o
                0x00000000080004d0                SystemClock_Config
 .text.HAL_TIM_PeriodElapsedCallback
                0x0000000008000598       0x2c ./Core/Src/main.o
                0x0000000008000598                HAL_TIM_PeriodElapsedCallback
 .text.set_led  0x00000000080005c4       0xc4 ./Core/Src/main.o
                0x00000000080005c4                set_led
 .text.HAL_I2C_SlaveTxCpltCallback
                0x0000000008000688       0x24 ./Core/Src/main.o
                0x0000000008000688                HAL_I2C_SlaveTxCpltCallback
 .text.HAL_I2C_SlaveRxCpltCallback
                0x00000000080006ac       0x78 ./Core/Src/main.o
                0x00000000080006ac                HAL_I2C_SlaveRxCpltCallback
 .text.HAL_I2C_AddrCallback
                0x0000000008000724       0x74 ./Core/Src/main.o
                0x0000000008000724                HAL_I2C_AddrCallback
 .text.HAL_I2C_ListenCpltCallback
                0x0000000008000798       0x14 ./Core/Src/main.o
                0x0000000008000798                HAL_I2C_ListenCpltCallback
 .text.HAL_I2C_ErrorCallback
                0x00000000080007ac       0x20 ./Core/Src/main.o
                0x00000000080007ac                HAL_I2C_ErrorCallback
 .text.Error_Handler
                0x00000000080007cc        0xa ./Core/Src/main.o
                0x00000000080007cc                Error_Handler
 *fill*         0x00000000080007d6        0x2 
 .text.MX_SPI1_Init
                0x00000000080007d8       0x7c ./Core/Src/spi.o
                0x00000000080007d8                MX_SPI1_Init
 .text.HAL_SPI_MspInit
                0x0000000008000854       0x84 ./Core/Src/spi.o
                0x0000000008000854                HAL_SPI_MspInit
 .text.HAL_SPI_MspDeInit
                0x00000000080008d8       0x38 ./Core/Src/spi.o
                0x00000000080008d8                HAL_SPI_MspDeInit
 .text.SPI1_Error
                0x0000000008000910       0x18 ./Core/Src/spi.o
                0x0000000008000910                SPI1_Error
 .text.SPI1_WriteRead
                0x0000000008000928       0x3c ./Core/Src/spi.o
                0x0000000008000928                SPI1_WriteRead
 .text.HAL_MspInit
                0x0000000008000964       0x48 ./Core/Src/stm32f3xx_hal_msp.o
                0x0000000008000964                HAL_MspInit
 .text.NMI_Handler
                0x00000000080009ac        0x6 ./Core/Src/stm32f3xx_it.o
                0x00000000080009ac                NMI_Handler
 .text.HardFault_Handler
                0x00000000080009b2        0x6 ./Core/Src/stm32f3xx_it.o
                0x00000000080009b2                HardFault_Handler
 .text.MemManage_Handler
                0x00000000080009b8        0x6 ./Core/Src/stm32f3xx_it.o
                0x00000000080009b8                MemManage_Handler
 .text.BusFault_Handler
                0x00000000080009be        0x6 ./Core/Src/stm32f3xx_it.o
                0x00000000080009be                BusFault_Handler
 .text.UsageFault_Handler
                0x00000000080009c4        0x6 ./Core/Src/stm32f3xx_it.o
                0x00000000080009c4                UsageFault_Handler
 .text.SVC_Handler
                0x00000000080009ca        0xe ./Core/Src/stm32f3xx_it.o
                0x00000000080009ca                SVC_Handler
 .text.DebugMon_Handler
                0x00000000080009d8        0xe ./Core/Src/stm32f3xx_it.o
                0x00000000080009d8                DebugMon_Handler
 .text.PendSV_Handler
                0x00000000080009e6        0xe ./Core/Src/stm32f3xx_it.o
                0x00000000080009e6                PendSV_Handler
 .text.SysTick_Handler
                0x00000000080009f4        0xc ./Core/Src/stm32f3xx_it.o
                0x00000000080009f4                SysTick_Handler
 .text.TIM1_BRK_TIM15_IRQHandler
                0x0000000008000a00       0x14 ./Core/Src/stm32f3xx_it.o
                0x0000000008000a00                TIM1_BRK_TIM15_IRQHandler
 .text.TIM1_UP_TIM16_IRQHandler
                0x0000000008000a14       0x14 ./Core/Src/stm32f3xx_it.o
                0x0000000008000a14                TIM1_UP_TIM16_IRQHandler
 .text.TIM1_TRG_COM_TIM17_IRQHandler
                0x0000000008000a28       0x14 ./Core/Src/stm32f3xx_it.o
                0x0000000008000a28                TIM1_TRG_COM_TIM17_IRQHandler
 .text.TIM1_CC_IRQHandler
                0x0000000008000a3c       0x14 ./Core/Src/stm32f3xx_it.o
                0x0000000008000a3c                TIM1_CC_IRQHandler
 .text.I2C1_EV_IRQHandler
                0x0000000008000a50       0x14 ./Core/Src/stm32f3xx_it.o
                0x0000000008000a50                I2C1_EV_IRQHandler
 .text.SystemInit
                0x0000000008000a64       0x24 ./Core/Src/system_stm32f3xx.o
                0x0000000008000a64                SystemInit
 .text.MX_TIM1_Init
                0x0000000008000a88       0xa8 ./Core/Src/tim.o
                0x0000000008000a88                MX_TIM1_Init
 .text.HAL_TIM_Base_MspInit
                0x0000000008000b30       0x7c ./Core/Src/tim.o
                0x0000000008000b30                HAL_TIM_Base_MspInit
 .text.MX_USB_PCD_Init
                0x0000000008000bac       0x44 ./Core/Src/usb.o
                0x0000000008000bac                MX_USB_PCD_Init
 .text.HAL_PCD_MspInit
                0x0000000008000bf0       0x88 ./Core/Src/usb.o
                0x0000000008000bf0                HAL_PCD_MspInit
 .text.Reset_Handler
                0x0000000008000c78       0x50 ./Core/Startup/startup_stm32f303vctx.o
                0x0000000008000c78                Reset_Handler
 .text.Default_Handler
                0x0000000008000cc8        0x2 ./Core/Startup/startup_stm32f303vctx.o
                0x0000000008000cc8                RTC_Alarm_IRQHandler
                0x0000000008000cc8                TIM8_TRG_COM_IRQHandler
                0x0000000008000cc8                TIM8_CC_IRQHandler
                0x0000000008000cc8                USB_HP_IRQHandler
                0x0000000008000cc8                PVD_IRQHandler
                0x0000000008000cc8                TAMP_STAMP_IRQHandler
                0x0000000008000cc8                EXTI3_IRQHandler
                0x0000000008000cc8                USB_HP_CAN_TX_IRQHandler
                0x0000000008000cc8                EXTI0_IRQHandler
                0x0000000008000cc8                I2C2_EV_IRQHandler
                0x0000000008000cc8                FPU_IRQHandler
                0x0000000008000cc8                ADC1_2_IRQHandler
                0x0000000008000cc8                SPI1_IRQHandler
                0x0000000008000cc8                CAN_SCE_IRQHandler
                0x0000000008000cc8                TIM6_DAC_IRQHandler
                0x0000000008000cc8                TIM8_UP_IRQHandler
                0x0000000008000cc8                DMA2_Channel2_IRQHandler
                0x0000000008000cc8                DMA1_Channel4_IRQHandler
                0x0000000008000cc8                USART3_IRQHandler
                0x0000000008000cc8                DMA1_Channel7_IRQHandler
                0x0000000008000cc8                UART5_IRQHandler
                0x0000000008000cc8                ADC3_IRQHandler
                0x0000000008000cc8                TIM4_IRQHandler
                0x0000000008000cc8                CAN_RX1_IRQHandler
                0x0000000008000cc8                DMA2_Channel1_IRQHandler
                0x0000000008000cc8                DMA1_Channel6_IRQHandler
                0x0000000008000cc8                UART4_IRQHandler
                0x0000000008000cc8                DMA2_Channel4_IRQHandler
                0x0000000008000cc8                TIM3_IRQHandler
                0x0000000008000cc8                RCC_IRQHandler
                0x0000000008000cc8                DMA1_Channel1_IRQHandler
                0x0000000008000cc8                Default_Handler
                0x0000000008000cc8                USBWakeUp_RMP_IRQHandler
                0x0000000008000cc8                EXTI15_10_IRQHandler
                0x0000000008000cc8                TIM7_IRQHandler
                0x0000000008000cc8                EXTI9_5_IRQHandler
                0x0000000008000cc8                RTC_WKUP_IRQHandler
                0x0000000008000cc8                SPI2_IRQHandler
                0x0000000008000cc8                USB_LP_CAN_RX0_IRQHandler
                0x0000000008000cc8                DMA2_Channel5_IRQHandler
                0x0000000008000cc8                DMA1_Channel5_IRQHandler
                0x0000000008000cc8                USB_LP_IRQHandler
                0x0000000008000cc8                EXTI4_IRQHandler
                0x0000000008000cc8                DMA1_Channel3_IRQHandler
                0x0000000008000cc8                ADC4_IRQHandler
                0x0000000008000cc8                WWDG_IRQHandler
                0x0000000008000cc8                TIM2_IRQHandler
                0x0000000008000cc8                COMP7_IRQHandler
                0x0000000008000cc8                COMP1_2_3_IRQHandler
                0x0000000008000cc8                EXTI1_IRQHandler
                0x0000000008000cc8                USART2_IRQHandler
                0x0000000008000cc8                COMP4_5_6_IRQHandler
                0x0000000008000cc8                I2C2_ER_IRQHandler
                0x0000000008000cc8                DMA1_Channel2_IRQHandler
                0x0000000008000cc8                TIM8_BRK_IRQHandler
                0x0000000008000cc8                FLASH_IRQHandler
                0x0000000008000cc8                USART1_IRQHandler
                0x0000000008000cc8                SPI3_IRQHandler
                0x0000000008000cc8                I2C1_ER_IRQHandler
                0x0000000008000cc8                USBWakeUp_IRQHandler
                0x0000000008000cc8                DMA2_Channel3_IRQHandler
                0x0000000008000cc8                EXTI2_TSC_IRQHandler
 *fill*         0x0000000008000cca        0x2 
 .text.HAL_Init
                0x0000000008000ccc       0x2c ./Drivers/STM32F3xx_HAL_Driver/Src/stm32f3xx_hal.o
                0x0000000008000ccc                HAL_Init
 .text.HAL_InitTick
                0x0000000008000cf8       0x60 ./Drivers/STM32F3xx_HAL_Driver/Src/stm32f3xx_hal.o
                0x0000000008000cf8                HAL_InitTick
 .text.HAL_IncTick
                0x0000000008000d58       0x28 ./Drivers/STM32F3xx_HAL_Driver/Src/stm32f3xx_hal.o
                0x0000000008000d58                HAL_IncTick
 .text.HAL_GetTick
                0x0000000008000d80       0x18 ./Drivers/STM32F3xx_HAL_Driver/Src/stm32f3xx_hal.o
                0x0000000008000d80                HAL_GetTick
 .text.HAL_Delay
                0x0000000008000d98       0x48 ./Drivers/STM32F3xx_HAL_Driver/Src/stm32f3xx_hal.o
                0x0000000008000d98                HAL_Delay
 .text.__NVIC_SetPriorityGrouping
                0x0000000008000de0       0x48 ./Drivers/STM32F3xx_HAL_Driver/Src/stm32f3xx_hal_cortex.o
 .text.__NVIC_GetPriorityGrouping
                0x0000000008000e28       0x1c ./Drivers/STM32F3xx_HAL_Driver/Src/stm32f3xx_hal_cortex.o
 .text.__NVIC_EnableIRQ
                0x0000000008000e44       0x3c ./Drivers/STM32F3xx_HAL_Driver/Src/stm32f3xx_hal_cortex.o
 .text.__NVIC_SetPriority
                0x0000000008000e80       0x54 ./Drivers/STM32F3xx_HAL_Driver/Src/stm32f3xx_hal_cortex.o
 .text.NVIC_EncodePriority
                0x0000000008000ed4       0x66 ./Drivers/STM32F3xx_HAL_Driver/Src/stm32f3xx_hal_cortex.o
 *fill*         0x0000000008000f3a        0x2 
 .text.SysTick_Config
                0x0000000008000f3c       0x44 ./Drivers/STM32F3xx_HAL_Driver/Src/stm32f3xx_hal_cortex.o
 .text.HAL_NVIC_SetPriorityGrouping
                0x0000000008000f80       0x16 ./Drivers/STM32F3xx_HAL_Driver/Src/stm32f3xx_hal_cortex.o
                0x0000000008000f80                HAL_NVIC_SetPriorityGrouping
 .text.HAL_NVIC_SetPriority
                0x0000000008000f96       0x38 ./Drivers/STM32F3xx_HAL_Driver/Src/stm32f3xx_hal_cortex.o
                0x0000000008000f96                HAL_NVIC_SetPriority
 .text.HAL_NVIC_EnableIRQ
                0x0000000008000fce       0x1c ./Drivers/STM32F3xx_HAL_Driver/Src/stm32f3xx_hal_cortex.o
                0x0000000008000fce                HAL_NVIC_EnableIRQ
 .text.HAL_SYSTICK_Config
                0x0000000008000fea       0x18 ./Drivers/STM32F3xx_HAL_Driver/Src/stm32f3xx_hal_cortex.o
                0x0000000008000fea                HAL_SYSTICK_Config
 .text.HAL_DMA_Abort_IT
                0x0000000008001002       0x7c ./Drivers/STM32F3xx_HAL_Driver/Src/stm32f3xx_hal_dma.o
                0x0000000008001002                HAL_DMA_Abort_IT
 .text.HAL_DMA_GetState
                0x000000000800107e       0x1a ./Drivers/STM32F3xx_HAL_Driver/Src/stm32f3xx_hal_dma.o
                0x000000000800107e                HAL_DMA_GetState
 .text.HAL_GPIO_Init
                0x0000000008001098      0x2f4 ./Drivers/STM32F3xx_HAL_Driver/Src/stm32f3xx_hal_gpio.o
                0x0000000008001098                HAL_GPIO_Init
 .text.HAL_GPIO_DeInit
                0x000000000800138c      0x1b8 ./Drivers/STM32F3xx_HAL_Driver/Src/stm32f3xx_hal_gpio.o
                0x000000000800138c                HAL_GPIO_DeInit
 .text.HAL_GPIO_WritePin
                0x0000000008001544       0x30 ./Drivers/STM32F3xx_HAL_Driver/Src/stm32f3xx_hal_gpio.o
                0x0000000008001544                HAL_GPIO_WritePin
 .text.HAL_I2C_Init
                0x0000000008001574      0x11e ./Drivers/STM32F3xx_HAL_Driver/Src/stm32f3xx_hal_i2c.o
                0x0000000008001574                HAL_I2C_Init
 *fill*         0x0000000008001692        0x2 
 .text.HAL_I2C_Slave_Seq_Transmit_IT
                0x0000000008001694      0x148 ./Drivers/STM32F3xx_HAL_Driver/Src/stm32f3xx_hal_i2c.o
                0x0000000008001694                HAL_I2C_Slave_Seq_Transmit_IT
 .text.HAL_I2C_Slave_Seq_Receive_IT
                0x00000000080017dc      0x148 ./Drivers/STM32F3xx_HAL_Driver/Src/stm32f3xx_hal_i2c.o
                0x00000000080017dc                HAL_I2C_Slave_Seq_Receive_IT
 .text.HAL_I2C_EnableListen_IT
                0x0000000008001924       0x40 ./Drivers/STM32F3xx_HAL_Driver/Src/stm32f3xx_hal_i2c.o
                0x0000000008001924                HAL_I2C_EnableListen_IT
 .text.HAL_I2C_EV_IRQHandler
                0x0000000008001964       0x34 ./Drivers/STM32F3xx_HAL_Driver/Src/stm32f3xx_hal_i2c.o
                0x0000000008001964                HAL_I2C_EV_IRQHandler
 .text.HAL_I2C_MasterTxCpltCallback
                0x0000000008001998       0x14 ./Drivers/STM32F3xx_HAL_Driver/Src/stm32f3xx_hal_i2c.o
                0x0000000008001998                HAL_I2C_MasterTxCpltCallback
 .text.HAL_I2C_MasterRxCpltCallback
                0x00000000080019ac       0x14 ./Drivers/STM32F3xx_HAL_Driver/Src/stm32f3xx_hal_i2c.o
                0x00000000080019ac                HAL_I2C_MasterRxCpltCallback
 .text.HAL_I2C_MemTxCpltCallback
                0x00000000080019c0       0x14 ./Drivers/STM32F3xx_HAL_Driver/Src/stm32f3xx_hal_i2c.o
                0x00000000080019c0                HAL_I2C_MemTxCpltCallback
 .text.HAL_I2C_MemRxCpltCallback
                0x00000000080019d4       0x14 ./Drivers/STM32F3xx_HAL_Driver/Src/stm32f3xx_hal_i2c.o
                0x00000000080019d4                HAL_I2C_MemRxCpltCallback
 .text.HAL_I2C_AbortCpltCallback
                0x00000000080019e8       0x14 ./Drivers/STM32F3xx_HAL_Driver/Src/stm32f3xx_hal_i2c.o
                0x00000000080019e8                HAL_I2C_AbortCpltCallback
 .text.HAL_I2C_GetError
                0x00000000080019fc       0x18 ./Drivers/STM32F3xx_HAL_Driver/Src/stm32f3xx_hal_i2c.o
                0x00000000080019fc                HAL_I2C_GetError
 .text.I2C_Slave_ISR_IT
                0x0000000008001a14      0x206 ./Drivers/STM32F3xx_HAL_Driver/Src/stm32f3xx_hal_i2c.o
 .text.I2C_Master_ISR_DMA
                0x0000000008001c1a      0x1e6 ./Drivers/STM32F3xx_HAL_Driver/Src/stm32f3xx_hal_i2c.o
 .text.I2C_Slave_ISR_DMA
                0x0000000008001e00      0x1c0 ./Drivers/STM32F3xx_HAL_Driver/Src/stm32f3xx_hal_i2c.o
 .text.I2C_ITAddrCplt
                0x0000000008001fc0      0x108 ./Drivers/STM32F3xx_HAL_Driver/Src/stm32f3xx_hal_i2c.o
 .text.I2C_ITMasterSeqCplt
                0x00000000080020c8       0x7a ./Drivers/STM32F3xx_HAL_Driver/Src/stm32f3xx_hal_i2c.o
 .text.I2C_ITSlaveSeqCplt
                0x0000000008002142       0xbc ./Drivers/STM32F3xx_HAL_Driver/Src/stm32f3xx_hal_i2c.o
 *fill*         0x00000000080021fe        0x2 
 .text.I2C_ITMasterCplt
                0x0000000008002200      0x194 ./Drivers/STM32F3xx_HAL_Driver/Src/stm32f3xx_hal_i2c.o
 .text.I2C_ITSlaveCplt
                0x0000000008002394      0x214 ./Drivers/STM32F3xx_HAL_Driver/Src/stm32f3xx_hal_i2c.o
 .text.I2C_ITListenCplt
                0x00000000080025a8       0xac ./Drivers/STM32F3xx_HAL_Driver/Src/stm32f3xx_hal_i2c.o
 .text.I2C_ITError
                0x0000000008002654      0x1a0 ./Drivers/STM32F3xx_HAL_Driver/Src/stm32f3xx_hal_i2c.o
 .text.I2C_TreatErrorCallback
                0x00000000080027f4       0x4e ./Drivers/STM32F3xx_HAL_Driver/Src/stm32f3xx_hal_i2c.o
 .text.I2C_Flush_TXDR
                0x0000000008002842       0x48 ./Drivers/STM32F3xx_HAL_Driver/Src/stm32f3xx_hal_i2c.o
 .text.I2C_DMAAbort
                0x000000000800288a       0x3c ./Drivers/STM32F3xx_HAL_Driver/Src/stm32f3xx_hal_i2c.o
 *fill*         0x00000000080028c6        0x2 
 .text.I2C_TransferConfig
                0x00000000080028c8       0x5c ./Drivers/STM32F3xx_HAL_Driver/Src/stm32f3xx_hal_i2c.o
 .text.I2C_Enable_IRQ
                0x0000000008002924       0xc8 ./Drivers/STM32F3xx_HAL_Driver/Src/stm32f3xx_hal_i2c.o
 .text.I2C_Disable_IRQ
                0x00000000080029ec       0xbc ./Drivers/STM32F3xx_HAL_Driver/Src/stm32f3xx_hal_i2c.o
 .text.HAL_I2CEx_ConfigAnalogFilter
                0x0000000008002aa8       0x96 ./Drivers/STM32F3xx_HAL_Driver/Src/stm32f3xx_hal_i2c_ex.o
                0x0000000008002aa8                HAL_I2CEx_ConfigAnalogFilter
 .text.HAL_I2CEx_ConfigDigitalFilter
                0x0000000008002b3e       0x98 ./Drivers/STM32F3xx_HAL_Driver/Src/stm32f3xx_hal_i2c_ex.o
                0x0000000008002b3e                HAL_I2CEx_ConfigDigitalFilter
 .text.HAL_PCD_Init
                0x0000000008002bd6      0x1bc ./Drivers/STM32F3xx_HAL_Driver/Src/stm32f3xx_hal_pcd.o
                0x0000000008002bd6                HAL_PCD_Init
 *fill*         0x0000000008002d92        0x2 
 .text.HAL_RCC_OscConfig
                0x0000000008002d94     0x107c ./Drivers/STM32F3xx_HAL_Driver/Src/stm32f3xx_hal_rcc.o
                0x0000000008002d94                HAL_RCC_OscConfig
 .text.HAL_RCC_ClockConfig
                0x0000000008003e10      0x2f8 ./Drivers/STM32F3xx_HAL_Driver/Src/stm32f3xx_hal_rcc.o
                0x0000000008003e10                HAL_RCC_ClockConfig
 .text.HAL_RCC_GetSysClockFreq
                0x0000000008004108       0xd4 ./Drivers/STM32F3xx_HAL_Driver/Src/stm32f3xx_hal_rcc.o
                0x0000000008004108                HAL_RCC_GetSysClockFreq
 .text.HAL_RCCEx_PeriphCLKConfig
                0x00000000080041dc      0x360 ./Drivers/STM32F3xx_HAL_Driver/Src/stm32f3xx_hal_rcc_ex.o
                0x00000000080041dc                HAL_RCCEx_PeriphCLKConfig
 .text.HAL_SPI_Init
                0x000000000800453c      0x156 ./Drivers/STM32F3xx_HAL_Driver/Src/stm32f3xx_hal_spi.o
                0x000000000800453c                HAL_SPI_Init
 .text.HAL_SPI_DeInit
                0x0000000008004692       0x50 ./Drivers/STM32F3xx_HAL_Driver/Src/stm32f3xx_hal_spi.o
                0x0000000008004692                HAL_SPI_DeInit
 .text.HAL_SPI_TransmitReceive
                0x00000000080046e2      0x426 ./Drivers/STM32F3xx_HAL_Driver/Src/stm32f3xx_hal_spi.o
                0x00000000080046e2                HAL_SPI_TransmitReceive
 .text.SPI_WaitFlagStateUntilTimeout
                0x0000000008004b08      0x110 ./Drivers/STM32F3xx_HAL_Driver/Src/stm32f3xx_hal_spi.o
 .text.SPI_WaitFifoStateUntilTimeout
                0x0000000008004c18      0x12c ./Drivers/STM32F3xx_HAL_Driver/Src/stm32f3xx_hal_spi.o
 .text.SPI_EndRxTxTransaction
                0x0000000008004d44       0x8c ./Drivers/STM32F3xx_HAL_Driver/Src/stm32f3xx_hal_spi.o
 .text.HAL_TIM_Base_Init
                0x0000000008004dd0       0xae ./Drivers/STM32F3xx_HAL_Driver/Src/stm32f3xx_hal_tim.o
                0x0000000008004dd0                HAL_TIM_Base_Init
 *fill*         0x0000000008004e7e        0x2 
 .text.HAL_TIM_Base_Start_IT
                0x0000000008004e80       0xd4 ./Drivers/STM32F3xx_HAL_Driver/Src/stm32f3xx_hal_tim.o
                0x0000000008004e80                HAL_TIM_Base_Start_IT
 .text.HAL_TIM_Base_Stop_IT
                0x0000000008004f54       0x5e ./Drivers/STM32F3xx_HAL_Driver/Src/stm32f3xx_hal_tim.o
                0x0000000008004f54                HAL_TIM_Base_Stop_IT
 .text.HAL_TIM_IRQHandler
                0x0000000008004fb2      0x23e ./Drivers/STM32F3xx_HAL_Driver/Src/stm32f3xx_hal_tim.o
                0x0000000008004fb2                HAL_TIM_IRQHandler
 .text.HAL_TIM_ConfigClockSource
                0x00000000080051f0      0x192 ./Drivers/STM32F3xx_HAL_Driver/Src/stm32f3xx_hal_tim.o
                0x00000000080051f0                HAL_TIM_ConfigClockSource
 .text.HAL_TIM_OC_DelayElapsedCallback
                0x0000000008005382       0x14 ./Drivers/STM32F3xx_HAL_Driver/Src/stm32f3xx_hal_tim.o
                0x0000000008005382                HAL_TIM_OC_DelayElapsedCallback
 .text.HAL_TIM_IC_CaptureCallback
                0x0000000008005396       0x14 ./Drivers/STM32F3xx_HAL_Driver/Src/stm32f3xx_hal_tim.o
                0x0000000008005396                HAL_TIM_IC_CaptureCallback
 .text.HAL_TIM_PWM_PulseFinishedCallback
                0x00000000080053aa       0x14 ./Drivers/STM32F3xx_HAL_Driver/Src/stm32f3xx_hal_tim.o
                0x00000000080053aa                HAL_TIM_PWM_PulseFinishedCallback
 .text.HAL_TIM_TriggerCallback
                0x00000000080053be       0x14 ./Drivers/STM32F3xx_HAL_Driver/Src/stm32f3xx_hal_tim.o
                0x00000000080053be                HAL_TIM_TriggerCallback
 *fill*         0x00000000080053d2        0x2 
 .text.TIM_Base_SetConfig
                0x00000000080053d4      0x120 ./Drivers/STM32F3xx_HAL_Driver/Src/stm32f3xx_hal_tim.o
                0x00000000080053d4                TIM_Base_SetConfig
 .text.TIM_TI1_ConfigInputStage
                0x00000000080054f4       0x5e ./Drivers/STM32F3xx_HAL_Driver/Src/stm32f3xx_hal_tim.o
 .text.TIM_TI2_ConfigInputStage
                0x0000000008005552       0x60 ./Drivers/STM32F3xx_HAL_Driver/Src/stm32f3xx_hal_tim.o
 .text.TIM_ITRx_SetConfig
                0x00000000080055b2       0x36 ./Drivers/STM32F3xx_HAL_Driver/Src/stm32f3xx_hal_tim.o
 .text.TIM_ETR_SetConfig
                0x00000000080055e8       0x40 ./Drivers/STM32F3xx_HAL_Driver/Src/stm32f3xx_hal_tim.o
                0x00000000080055e8                TIM_ETR_SetConfig
 .text.HAL_TIMEx_MasterConfigSynchronization
                0x0000000008005628      0x100 ./Drivers/STM32F3xx_HAL_Driver/Src/stm32f3xx_hal_tim_ex.o
                0x0000000008005628                HAL_TIMEx_MasterConfigSynchronization
 .text.HAL_TIMEx_CommutCallback
                0x0000000008005728       0x14 ./Drivers/STM32F3xx_HAL_Driver/Src/stm32f3xx_hal_tim_ex.o
                0x0000000008005728                HAL_TIMEx_CommutCallback
 .text.HAL_TIMEx_BreakCallback
                0x000000000800573c       0x14 ./Drivers/STM32F3xx_HAL_Driver/Src/stm32f3xx_hal_tim_ex.o
                0x000000000800573c                HAL_TIMEx_BreakCallback
 .text.HAL_TIMEx_Break2Callback
                0x0000000008005750       0x14 ./Drivers/STM32F3xx_HAL_Driver/Src/stm32f3xx_hal_tim_ex.o
                0x0000000008005750                HAL_TIMEx_Break2Callback
 .text.USB_DisableGlobalInt
                0x0000000008005764       0x36 ./Drivers/STM32F3xx_HAL_Driver/Src/stm32f3xx_ll_usb.o
                0x0000000008005764                USB_DisableGlobalInt
 .text.USB_DevInit
                0x000000000800579a       0x42 ./Drivers/STM32F3xx_HAL_Driver/Src/stm32f3xx_ll_usb.o
                0x000000000800579a                USB_DevInit
 .text.GYRO_IO_Write
                0x00000000080057dc       0x64 ./Drivers/l3gd20/Gyro_kit9.o
                0x00000000080057dc                GYRO_IO_Write
 .text.GYRO_IO_Read
                0x0000000008005840       0x74 ./Drivers/l3gd20/Gyro_kit9.o
                0x0000000008005840                GYRO_IO_Read
 .text.GYRO_Init
                0x00000000080058b4       0x44 ./Drivers/l3gd20/Gyro_kit9.o
                0x00000000080058b4                GYRO_Init
 .text.L3GD20_Init
                0x00000000080058f8       0x42 ./Drivers/l3gd20/l3gd20.o
                0x00000000080058f8                L3GD20_Init
 .text.L3GD20_ReadID
                0x000000000800593a       0x1c ./Drivers/l3gd20/l3gd20.o
                0x000000000800593a                L3GD20_ReadID
 .text.L3GD20_FilterConfig
                0x0000000008005956       0x42 ./Drivers/l3gd20/l3gd20.o
                0x0000000008005956                L3GD20_FilterConfig
 .text.L3GD20_FilterCmd
                0x0000000008005998       0x42 ./Drivers/l3gd20/l3gd20.o
                0x0000000008005998                L3GD20_FilterCmd
 .text.L3GD20_ReadXYZAngRate_Raw
                0x00000000080059da       0x1a ./Drivers/l3gd20/l3gd20.o
                0x00000000080059da                L3GD20_ReadXYZAngRate_Raw
 .text.__libc_init_array
                0x00000000080059f4       0x48 c:/st/stm32cubeide_1.11.0/stm32cubeide/plugins/com.st.stm32cube.ide.mcu.externaltools.gnu-tools-for-stm32.10.3-2021.10.win32_1.0.100.202210260954/tools/bin/../lib/gcc/arm-none-eabi/10.3.1/../../../../arm-none-eabi/lib/thumb/v7e-m+fp/hard\libc_nano.a(lib_a-init.o)
                0x00000000080059f4                __libc_init_array
 .text.memset   0x0000000008005a3c       0x10 c:/st/stm32cubeide_1.11.0/stm32cubeide/plugins/com.st.stm32cube.ide.mcu.externaltools.gnu-tools-for-stm32.10.3-2021.10.win32_1.0.100.202210260954/tools/bin/../lib/gcc/arm-none-eabi/10.3.1/../../../../arm-none-eabi/lib/thumb/v7e-m+fp/hard\libc_nano.a(lib_a-memset.o)
                0x0000000008005a3c                memset
 *(.glue_7)
 .glue_7        0x0000000008005a4c        0x0 linker stubs
 *(.glue_7t)
 .glue_7t       0x0000000008005a4c        0x0 linker stubs
 *(.eh_frame)
 .eh_frame      0x0000000008005a4c        0x0 c:/st/stm32cubeide_1.11.0/stm32cubeide/plugins/com.st.stm32cube.ide.mcu.externaltools.gnu-tools-for-stm32.10.3-2021.10.win32_1.0.100.202210260954/tools/bin/../lib/gcc/arm-none-eabi/10.3.1/thumb/v7e-m+fp/hard/crtbegin.o
 *(.init)
 .init          0x0000000008005a4c        0x4 c:/st/stm32cubeide_1.11.0/stm32cubeide/plugins/com.st.stm32cube.ide.mcu.externaltools.gnu-tools-for-stm32.10.3-2021.10.win32_1.0.100.202210260954/tools/bin/../lib/gcc/arm-none-eabi/10.3.1/thumb/v7e-m+fp/hard/crti.o
                0x0000000008005a4c                _init
 .init          0x0000000008005a50        0x8 c:/st/stm32cubeide_1.11.0/stm32cubeide/plugins/com.st.stm32cube.ide.mcu.externaltools.gnu-tools-for-stm32.10.3-2021.10.win32_1.0.100.202210260954/tools/bin/../lib/gcc/arm-none-eabi/10.3.1/thumb/v7e-m+fp/hard/crtn.o
 *(.fini)
 .fini          0x0000000008005a58        0x4 c:/st/stm32cubeide_1.11.0/stm32cubeide/plugins/com.st.stm32cube.ide.mcu.externaltools.gnu-tools-for-stm32.10.3-2021.10.win32_1.0.100.202210260954/tools/bin/../lib/gcc/arm-none-eabi/10.3.1/thumb/v7e-m+fp/hard/crti.o
                0x0000000008005a58                _fini
 .fini          0x0000000008005a5c        0x8 c:/st/stm32cubeide_1.11.0/stm32cubeide/plugins/com.st.stm32cube.ide.mcu.externaltools.gnu-tools-for-stm32.10.3-2021.10.win32_1.0.100.202210260954/tools/bin/../lib/gcc/arm-none-eabi/10.3.1/thumb/v7e-m+fp/hard/crtn.o
                0x0000000008005a64                . = ALIGN (0x4)
                0x0000000008005a64                _etext = .

.vfp11_veneer   0x0000000008005a64        0x0
 .vfp11_veneer  0x0000000008005a64        0x0 linker stubs

.v4_bx          0x0000000008005a64        0x0
 .v4_bx         0x0000000008005a64        0x0 linker stubs

.iplt           0x0000000008005a64        0x0
 .iplt          0x0000000008005a64        0x0 c:/st/stm32cubeide_1.11.0/stm32cubeide/plugins/com.st.stm32cube.ide.mcu.externaltools.gnu-tools-for-stm32.10.3-2021.10.win32_1.0.100.202210260954/tools/bin/../lib/gcc/arm-none-eabi/10.3.1/thumb/v7e-m+fp/hard/crtbegin.o

.rodata         0x0000000008005a64       0x30
                0x0000000008005a64                . = ALIGN (0x4)
 *(.rodata)
 *(.rodata*)
 .rodata.AHBPrescTable
                0x0000000008005a64       0x10 ./Core/Src/system_stm32f3xx.o
                0x0000000008005a64                AHBPrescTable
 .rodata.aPLLMULFactorTable
                0x0000000008005a74       0x10 ./Drivers/STM32F3xx_HAL_Driver/Src/stm32f3xx_hal_rcc.o
                0x0000000008005a74                aPLLMULFactorTable
 .rodata.aPredivFactorTable
                0x0000000008005a84       0x10 ./Drivers/STM32F3xx_HAL_Driver/Src/stm32f3xx_hal_rcc.o
                0x0000000008005a84                aPredivFactorTable
                0x0000000008005a94                . = ALIGN (0x4)

.rel.dyn        0x0000000008005a94        0x0
 .rel.iplt      0x0000000008005a94        0x0 c:/st/stm32cubeide_1.11.0/stm32cubeide/plugins/com.st.stm32cube.ide.mcu.externaltools.gnu-tools-for-stm32.10.3-2021.10.win32_1.0.100.202210260954/tools/bin/../lib/gcc/arm-none-eabi/10.3.1/thumb/v7e-m+fp/hard/crtbegin.o

.ARM.extab      0x0000000008005a94        0x0
                0x0000000008005a94                . = ALIGN (0x4)
 *(.ARM.extab* .gnu.linkonce.armextab.*)
                0x0000000008005a94                . = ALIGN (0x4)

.ARM            0x0000000008005a94        0x0
                0x0000000008005a94                . = ALIGN (0x4)
                0x0000000008005a94                __exidx_start = .
 *(.ARM.exidx*)
                0x0000000008005a94                __exidx_end = .
                0x0000000008005a94                . = ALIGN (0x4)

.preinit_array  0x0000000008005a94        0x0
                0x0000000008005a94                . = ALIGN (0x4)
                0x0000000008005a94                PROVIDE (__preinit_array_start = .)
 *(.preinit_array*)
                0x0000000008005a94                PROVIDE (__preinit_array_end = .)
                0x0000000008005a94                . = ALIGN (0x4)

.init_array     0x0000000008005a94        0x4
                0x0000000008005a94                . = ALIGN (0x4)
                0x0000000008005a94                PROVIDE (__init_array_start = .)
 *(SORT_BY_NAME(.init_array.*))
 *(.init_array*)
 .init_array    0x0000000008005a94        0x4 c:/st/stm32cubeide_1.11.0/stm32cubeide/plugins/com.st.stm32cube.ide.mcu.externaltools.gnu-tools-for-stm32.10.3-2021.10.win32_1.0.100.202210260954/tools/bin/../lib/gcc/arm-none-eabi/10.3.1/thumb/v7e-m+fp/hard/crtbegin.o
                0x0000000008005a98                PROVIDE (__init_array_end = .)
                0x0000000008005a98                . = ALIGN (0x4)

.fini_array     0x0000000008005a98        0x4
                0x0000000008005a98                . = ALIGN (0x4)
                [!provide]                        PROVIDE (__fini_array_start = .)
 *(SORT_BY_NAME(.fini_array.*))
 *(.fini_array*)
 .fini_array    0x0000000008005a98        0x4 c:/st/stm32cubeide_1.11.0/stm32cubeide/plugins/com.st.stm32cube.ide.mcu.externaltools.gnu-tools-for-stm32.10.3-2021.10.win32_1.0.100.202210260954/tools/bin/../lib/gcc/arm-none-eabi/10.3.1/thumb/v7e-m+fp/hard/crtbegin.o
                [!provide]                        PROVIDE (__fini_array_end = .)
                0x0000000008005a9c                . = ALIGN (0x4)
                0x0000000008005a9c                _sidata = LOADADDR (.data)

.data           0x0000000020000000        0xc load address 0x0000000008005a9c
                0x0000000020000000                . = ALIGN (0x4)
                0x0000000020000000                _sdata = .
 *(.data)
 *(.data*)
 .data.SystemCoreClock
                0x0000000020000000        0x4 ./Core/Src/system_stm32f3xx.o
                0x0000000020000000                SystemCoreClock
 .data.uwTickPrio
                0x0000000020000004        0x4 ./Drivers/STM32F3xx_HAL_Driver/Src/stm32f3xx_hal.o
                0x0000000020000004                uwTickPrio
 .data.uwTickFreq
                0x0000000020000008        0x1 ./Drivers/STM32F3xx_HAL_Driver/Src/stm32f3xx_hal.o
                0x0000000020000008                uwTickFreq
 *(.RamFunc)
 *(.RamFunc*)
                0x000000002000000c                . = ALIGN (0x4)
 *fill*         0x0000000020000009        0x3 
                0x000000002000000c                _edata = .
                0x0000000008005aa8                _siccmram = LOADADDR (.ccmram)

.igot.plt       0x000000002000000c        0x0 load address 0x0000000008005aa8
 .igot.plt      0x000000002000000c        0x0 c:/st/stm32cubeide_1.11.0/stm32cubeide/plugins/com.st.stm32cube.ide.mcu.externaltools.gnu-tools-for-stm32.10.3-2021.10.win32_1.0.100.202210260954/tools/bin/../lib/gcc/arm-none-eabi/10.3.1/thumb/v7e-m+fp/hard/crtbegin.o

.ccmram         0x0000000010000000        0x0 load address 0x0000000008005aa8
                0x0000000010000000                . = ALIGN (0x4)
                0x0000000010000000                _sccmram = .
 *(.ccmram)
 *(.ccmram*)
                0x0000000010000000                . = ALIGN (0x4)
                0x0000000010000000                _eccmram = .
                0x0000000010000000                . = ALIGN (0x4)

.bss            0x000000002000000c      0x424
                0x000000002000000c                _sbss = .
                0x000000002000000c                __bss_start__ = _sbss
 *(.bss)
 .bss           0x000000002000000c       0x1c c:/st/stm32cubeide_1.11.0/stm32cubeide/plugins/com.st.stm32cube.ide.mcu.externaltools.gnu-tools-for-stm32.10.3-2021.10.win32_1.0.100.202210260954/tools/bin/../lib/gcc/arm-none-eabi/10.3.1/thumb/v7e-m+fp/hard/crtbegin.o
 *(.bss*)
 .bss.hi2c1     0x0000000020000028       0x4c ./Core/Src/i2c.o
                0x0000000020000028                hi2c1
 .bss.Xfer_Direction
                0x0000000020000074        0x4 ./Core/Src/main.o
                0x0000000020000074                Xfer_Direction
 .bss.Xfer_Complete
                0x0000000020000078        0x4 ./Core/Src/main.o
                0x0000000020000078                Xfer_Complete
 .bss.aTxBuffer
                0x000000002000007c        0x4 ./Core/Src/main.o
                0x000000002000007c                aTxBuffer
 .bss.aRxBuffer
                0x0000000020000080        0x2 ./Core/Src/main.o
                0x0000000020000080                aRxBuffer
 *fill*         0x0000000020000082        0x2 
 .bss.spi_Buffer
                0x0000000020000084        0x6 ./Core/Src/main.o
                0x0000000020000084                spi_Buffer
 .bss.ui8gyroID
                0x000000002000008a        0x1 ./Core/Src/main.o
                0x000000002000008a                ui8gyroID
 *fill*         0x000000002000008b        0x1 
 .bss.testBuf   0x000000002000008c        0x1 ./Core/Src/main.o
                0x000000002000008c                testBuf
 *fill*         0x000000002000008d        0x3 
 .bss.hspi1     0x0000000020000090       0x64 ./Core/Src/spi.o
                0x0000000020000090                hspi1
 .bss.htim1     0x00000000200000f4       0x4c ./Core/Src/tim.o
                0x00000000200000f4                htim1
 .bss.hpcd_USB_FS
                0x0000000020000140      0x2ec ./Core/Src/usb.o
                0x0000000020000140                hpcd_USB_FS
 .bss.uwTick    0x000000002000042c        0x4 ./Drivers/STM32F3xx_HAL_Driver/Src/stm32f3xx_hal.o
                0x000000002000042c                uwTick
 *(COMMON)
                0x0000000020000430                . = ALIGN (0x4)
                0x0000000020000430                _ebss = .
                0x0000000020000430                __bss_end__ = _ebss

._user_heap_stack
                0x0000000020000430      0x600
                0x0000000020000430                . = ALIGN (0x8)
                [!provide]                        PROVIDE (end = .)
                0x0000000020000430                PROVIDE (_end = .)
                0x0000000020000630                . = (. + _Min_Heap_Size)
 *fill*         0x0000000020000430      0x200 
                0x0000000020000a30                . = (. + _Min_Stack_Size)
 *fill*         0x0000000020000630      0x400 
                0x0000000020000a30                . = ALIGN (0x8)

/DISCARD/
 libc.a(*)
 libm.a(*)
 libgcc.a(*)

.ARM.attributes
                0x0000000000000000       0x30
 *(.ARM.attributes)
 .ARM.attributes
                0x0000000000000000       0x1e c:/st/stm32cubeide_1.11.0/stm32cubeide/plugins/com.st.stm32cube.ide.mcu.externaltools.gnu-tools-for-stm32.10.3-2021.10.win32_1.0.100.202210260954/tools/bin/../lib/gcc/arm-none-eabi/10.3.1/thumb/v7e-m+fp/hard/crti.o
 .ARM.attributes
                0x000000000000001e       0x34 c:/st/stm32cubeide_1.11.0/stm32cubeide/plugins/com.st.stm32cube.ide.mcu.externaltools.gnu-tools-for-stm32.10.3-2021.10.win32_1.0.100.202210260954/tools/bin/../lib/gcc/arm-none-eabi/10.3.1/thumb/v7e-m+fp/hard/crtbegin.o
 .ARM.attributes
                0x0000000000000052       0x34 ./Core/Src/gpio.o
 .ARM.attributes
                0x0000000000000086       0x34 ./Core/Src/i2c.o
 .ARM.attributes
                0x00000000000000ba       0x34 ./Core/Src/main.o
 .ARM.attributes
                0x00000000000000ee       0x34 ./Core/Src/spi.o
 .ARM.attributes
                0x0000000000000122       0x34 ./Core/Src/stm32f3xx_hal_msp.o
 .ARM.attributes
                0x0000000000000156       0x34 ./Core/Src/stm32f3xx_it.o
 .ARM.attributes
                0x000000000000018a       0x34 ./Core/Src/system_stm32f3xx.o
 .ARM.attributes
                0x00000000000001be       0x34 ./Core/Src/tim.o
 .ARM.attributes
                0x00000000000001f2       0x34 ./Core/Src/usb.o
 .ARM.attributes
                0x0000000000000226       0x21 ./Core/Startup/startup_stm32f303vctx.o
 .ARM.attributes
                0x0000000000000247       0x34 ./Drivers/STM32F3xx_HAL_Driver/Src/stm32f3xx_hal.o
 .ARM.attributes
                0x000000000000027b       0x34 ./Drivers/STM32F3xx_HAL_Driver/Src/stm32f3xx_hal_cortex.o
 .ARM.attributes
                0x00000000000002af       0x34 ./Drivers/STM32F3xx_HAL_Driver/Src/stm32f3xx_hal_dma.o
 .ARM.attributes
                0x00000000000002e3       0x34 ./Drivers/STM32F3xx_HAL_Driver/Src/stm32f3xx_hal_gpio.o
 .ARM.attributes
                0x0000000000000317       0x34 ./Drivers/STM32F3xx_HAL_Driver/Src/stm32f3xx_hal_i2c.o
 .ARM.attributes
                0x000000000000034b       0x34 ./Drivers/STM32F3xx_HAL_Driver/Src/stm32f3xx_hal_i2c_ex.o
 .ARM.attributes
                0x000000000000037f       0x34 ./Drivers/STM32F3xx_HAL_Driver/Src/stm32f3xx_hal_pcd.o
 .ARM.attributes
                0x00000000000003b3       0x34 ./Drivers/STM32F3xx_HAL_Driver/Src/stm32f3xx_hal_rcc.o
 .ARM.attributes
                0x00000000000003e7       0x34 ./Drivers/STM32F3xx_HAL_Driver/Src/stm32f3xx_hal_rcc_ex.o
 .ARM.attributes
                0x000000000000041b       0x34 ./Drivers/STM32F3xx_HAL_Driver/Src/stm32f3xx_hal_spi.o
 .ARM.attributes
                0x000000000000044f       0x34 ./Drivers/STM32F3xx_HAL_Driver/Src/stm32f3xx_hal_tim.o
 .ARM.attributes
                0x0000000000000483       0x34 ./Drivers/STM32F3xx_HAL_Driver/Src/stm32f3xx_hal_tim_ex.o
 .ARM.attributes
                0x00000000000004b7       0x34 ./Drivers/STM32F3xx_HAL_Driver/Src/stm32f3xx_ll_usb.o
 .ARM.attributes
                0x00000000000004eb       0x34 ./Drivers/l3gd20/Gyro_kit9.o
 .ARM.attributes
                0x000000000000051f       0x34 ./Drivers/l3gd20/l3gd20.o
 .ARM.attributes
                0x0000000000000553       0x34 c:/st/stm32cubeide_1.11.0/stm32cubeide/plugins/com.st.stm32cube.ide.mcu.externaltools.gnu-tools-for-stm32.10.3-2021.10.win32_1.0.100.202210260954/tools/bin/../lib/gcc/arm-none-eabi/10.3.1/../../../../arm-none-eabi/lib/thumb/v7e-m+fp/hard\libc_nano.a(lib_a-init.o)
 .ARM.attributes
                0x0000000000000587       0x34 c:/st/stm32cubeide_1.11.0/stm32cubeide/plugins/com.st.stm32cube.ide.mcu.externaltools.gnu-tools-for-stm32.10.3-2021.10.win32_1.0.100.202210260954/tools/bin/../lib/gcc/arm-none-eabi/10.3.1/../../../../arm-none-eabi/lib/thumb/v7e-m+fp/hard\libc_nano.a(lib_a-memset.o)
 .ARM.attributes
                0x00000000000005bb       0x1e c:/st/stm32cubeide_1.11.0/stm32cubeide/plugins/com.st.stm32cube.ide.mcu.externaltools.gnu-tools-for-stm32.10.3-2021.10.win32_1.0.100.202210260954/tools/bin/../lib/gcc/arm-none-eabi/10.3.1/thumb/v7e-m+fp/hard/crtn.o
OUTPUT(Project_1_STM32.elf elf32-littlearm)
LOAD linker stubs
LOAD c:/st/stm32cubeide_1.11.0/stm32cubeide/plugins/com.st.stm32cube.ide.mcu.externaltools.gnu-tools-for-stm32.10.3-2021.10.win32_1.0.100.202210260954/tools/bin/../lib/gcc/arm-none-eabi/10.3.1/../../../../arm-none-eabi/lib/thumb/v7e-m+fp/hard\libc.a
LOAD c:/st/stm32cubeide_1.11.0/stm32cubeide/plugins/com.st.stm32cube.ide.mcu.externaltools.gnu-tools-for-stm32.10.3-2021.10.win32_1.0.100.202210260954/tools/bin/../lib/gcc/arm-none-eabi/10.3.1/../../../../arm-none-eabi/lib/thumb/v7e-m+fp/hard\libm.a
LOAD c:/st/stm32cubeide_1.11.0/stm32cubeide/plugins/com.st.stm32cube.ide.mcu.externaltools.gnu-tools-for-stm32.10.3-2021.10.win32_1.0.100.202210260954/tools/bin/../lib/gcc/arm-none-eabi/10.3.1/thumb/v7e-m+fp/hard\libgcc.a

.debug_info     0x0000000000000000    0x145be
 .debug_info    0x0000000000000000      0x3a0 ./Core/Src/gpio.o
 .debug_info    0x00000000000003a0      0xb55 ./Core/Src/i2c.o
 .debug_info    0x0000000000000ef5     0x110c ./Core/Src/main.o
 .debug_info    0x0000000000002001      0x964 ./Core/Src/spi.o
 .debug_info    0x0000000000002965      0x1bd ./Core/Src/stm32f3xx_hal_msp.o
 .debug_info    0x0000000000002b22      0xae3 ./Core/Src/stm32f3xx_it.o
 .debug_info    0x0000000000003605      0x416 ./Core/Src/system_stm32f3xx.o
 .debug_info    0x0000000000003a1b      0xb13 ./Core/Src/tim.o
 .debug_info    0x000000000000452e      0x8b8 ./Core/Src/usb.o
 .debug_info    0x0000000000004de6       0x22 ./Core/Startup/startup_stm32f303vctx.o
 .debug_info    0x0000000000004e08      0x807 ./Drivers/STM32F3xx_HAL_Driver/Src/stm32f3xx_hal.o
 .debug_info    0x000000000000560f      0xd85 ./Drivers/STM32F3xx_HAL_Driver/Src/stm32f3xx_hal_cortex.o
 .debug_info    0x0000000000006394      0x757 ./Drivers/STM32F3xx_HAL_Driver/Src/stm32f3xx_hal_dma.o
 .debug_info    0x0000000000006aeb      0x68a ./Drivers/STM32F3xx_HAL_Driver/Src/stm32f3xx_hal_gpio.o
 .debug_info    0x0000000000007175     0x214e ./Drivers/STM32F3xx_HAL_Driver/Src/stm32f3xx_hal_i2c.o
 .debug_info    0x00000000000092c3      0x891 ./Drivers/STM32F3xx_HAL_Driver/Src/stm32f3xx_hal_i2c_ex.o
 .debug_info    0x0000000000009b54     0x170c ./Drivers/STM32F3xx_HAL_Driver/Src/stm32f3xx_hal_pcd.o
 .debug_info    0x000000000000b260     0x1586 ./Drivers/STM32F3xx_HAL_Driver/Src/stm32f3xx_hal_rcc.o
 .debug_info    0x000000000000c7e6      0x61d ./Drivers/STM32F3xx_HAL_Driver/Src/stm32f3xx_hal_rcc_ex.o
 .debug_info    0x000000000000ce03     0x178c ./Drivers/STM32F3xx_HAL_Driver/Src/stm32f3xx_hal_spi.o
 .debug_info    0x000000000000e58f     0x2ca3 ./Drivers/STM32F3xx_HAL_Driver/Src/stm32f3xx_hal_tim.o
 .debug_info    0x0000000000011232     0x1679 ./Drivers/STM32F3xx_HAL_Driver/Src/stm32f3xx_hal_tim_ex.o
 .debug_info    0x00000000000128ab     0x163c ./Drivers/STM32F3xx_HAL_Driver/Src/stm32f3xx_ll_usb.o
 .debug_info    0x0000000000013ee7      0x2fa ./Drivers/l3gd20/Gyro_kit9.o
 .debug_info    0x00000000000141e1      0x3dd ./Drivers/l3gd20/l3gd20.o

.debug_abbrev   0x0000000000000000     0x3094
 .debug_abbrev  0x0000000000000000      0x146 ./Core/Src/gpio.o
 .debug_abbrev  0x0000000000000146      0x20b ./Core/Src/i2c.o
 .debug_abbrev  0x0000000000000351      0x2c1 ./Core/Src/main.o
 .debug_abbrev  0x0000000000000612      0x1fe ./Core/Src/spi.o
 .debug_abbrev  0x0000000000000810       0xde ./Core/Src/stm32f3xx_hal_msp.o
 .debug_abbrev  0x00000000000008ee      0x1a9 ./Core/Src/stm32f3xx_it.o
 .debug_abbrev  0x0000000000000a97      0x116 ./Core/Src/system_stm32f3xx.o
 .debug_abbrev  0x0000000000000bad      0x1e0 ./Core/Src/tim.o
 .debug_abbrev  0x0000000000000d8d      0x1e6 ./Core/Src/usb.o
 .debug_abbrev  0x0000000000000f73       0x12 ./Core/Startup/startup_stm32f303vctx.o
 .debug_abbrev  0x0000000000000f85      0x20e ./Drivers/STM32F3xx_HAL_Driver/Src/stm32f3xx_hal.o
 .debug_abbrev  0x0000000000001193      0x316 ./Drivers/STM32F3xx_HAL_Driver/Src/stm32f3xx_hal_cortex.o
 .debug_abbrev  0x00000000000014a9      0x1fe ./Drivers/STM32F3xx_HAL_Driver/Src/stm32f3xx_hal_dma.o
 .debug_abbrev  0x00000000000016a7      0x1bb ./Drivers/STM32F3xx_HAL_Driver/Src/stm32f3xx_hal_gpio.o
 .debug_abbrev  0x0000000000001862      0x243 ./Drivers/STM32F3xx_HAL_Driver/Src/stm32f3xx_hal_i2c.o
 .debug_abbrev  0x0000000000001aa5      0x1b0 ./Drivers/STM32F3xx_HAL_Driver/Src/stm32f3xx_hal_i2c_ex.o
 .debug_abbrev  0x0000000000001c55      0x2c0 ./Drivers/STM32F3xx_HAL_Driver/Src/stm32f3xx_hal_pcd.o
 .debug_abbrev  0x0000000000001f15      0x30c ./Drivers/STM32F3xx_HAL_Driver/Src/stm32f3xx_hal_rcc.o
 .debug_abbrev  0x0000000000002221      0x239 ./Drivers/STM32F3xx_HAL_Driver/Src/stm32f3xx_hal_rcc_ex.o
 .debug_abbrev  0x000000000000245a      0x254 ./Drivers/STM32F3xx_HAL_Driver/Src/stm32f3xx_hal_spi.o
 .debug_abbrev  0x00000000000026ae      0x25d ./Drivers/STM32F3xx_HAL_Driver/Src/stm32f3xx_hal_tim.o
 .debug_abbrev  0x000000000000290b      0x265 ./Drivers/STM32F3xx_HAL_Driver/Src/stm32f3xx_hal_tim_ex.o
 .debug_abbrev  0x0000000000002b70      0x22f ./Drivers/STM32F3xx_HAL_Driver/Src/stm32f3xx_ll_usb.o
 .debug_abbrev  0x0000000000002d9f      0x174 ./Drivers/l3gd20/Gyro_kit9.o
 .debug_abbrev  0x0000000000002f13      0x181 ./Drivers/l3gd20/l3gd20.o

.debug_aranges  0x0000000000000000     0x1288
 .debug_aranges
                0x0000000000000000       0x20 ./Core/Src/gpio.o
 .debug_aranges
                0x0000000000000020       0x30 ./Core/Src/i2c.o
 .debug_aranges
                0x0000000000000050       0x68 ./Core/Src/main.o
 .debug_aranges
                0x00000000000000b8       0x40 ./Core/Src/spi.o
 .debug_aranges
                0x00000000000000f8       0x20 ./Core/Src/stm32f3xx_hal_msp.o
 .debug_aranges
                0x0000000000000118       0x88 ./Core/Src/stm32f3xx_it.o
 .debug_aranges
                0x00000000000001a0       0x28 ./Core/Src/system_stm32f3xx.o
 .debug_aranges
                0x00000000000001c8       0x30 ./Core/Src/tim.o
 .debug_aranges
                0x00000000000001f8       0x30 ./Core/Src/usb.o
 .debug_aranges
                0x0000000000000228       0x28 ./Core/Startup/startup_stm32f303vctx.o
 .debug_aranges
                0x0000000000000250       0xe0 ./Drivers/STM32F3xx_HAL_Driver/Src/stm32f3xx_hal.o
 .debug_aranges
                0x0000000000000330      0x118 ./Drivers/STM32F3xx_HAL_Driver/Src/stm32f3xx_hal_cortex.o
 .debug_aranges
                0x0000000000000448       0x88 ./Drivers/STM32F3xx_HAL_Driver/Src/stm32f3xx_hal_dma.o
 .debug_aranges
                0x00000000000004d0       0x58 ./Drivers/STM32F3xx_HAL_Driver/Src/stm32f3xx_hal_gpio.o
 .debug_aranges
                0x0000000000000528      0x290 ./Drivers/STM32F3xx_HAL_Driver/Src/stm32f3xx_hal_i2c.o
 .debug_aranges
                0x00000000000007b8       0x48 ./Drivers/STM32F3xx_HAL_Driver/Src/stm32f3xx_hal_i2c_ex.o
 .debug_aranges
                0x0000000000000800      0x138 ./Drivers/STM32F3xx_HAL_Driver/Src/stm32f3xx_hal_pcd.o
 .debug_aranges
                0x0000000000000938       0x88 ./Drivers/STM32F3xx_HAL_Driver/Src/stm32f3xx_hal_rcc.o
 .debug_aranges
                0x00000000000009c0       0x38 ./Drivers/STM32F3xx_HAL_Driver/Src/stm32f3xx_hal_rcc_ex.o
 .debug_aranges
                0x00000000000009f8      0x1d8 ./Drivers/STM32F3xx_HAL_Driver/Src/stm32f3xx_hal_spi.o
 .debug_aranges
                0x0000000000000bd0      0x3e0 ./Drivers/STM32F3xx_HAL_Driver/Src/stm32f3xx_hal_tim.o
 .debug_aranges
                0x0000000000000fb0      0x178 ./Drivers/STM32F3xx_HAL_Driver/Src/stm32f3xx_hal_tim_ex.o
 .debug_aranges
                0x0000000000001128       0xb0 ./Drivers/STM32F3xx_HAL_Driver/Src/stm32f3xx_ll_usb.o
 .debug_aranges
                0x00000000000011d8       0x30 ./Drivers/l3gd20/Gyro_kit9.o
 .debug_aranges
                0x0000000000001208       0x80 ./Drivers/l3gd20/l3gd20.o

.debug_ranges   0x0000000000000000     0x1100
 .debug_ranges  0x0000000000000000       0x10 ./Core/Src/gpio.o
 .debug_ranges  0x0000000000000010       0x20 ./Core/Src/i2c.o
 .debug_ranges  0x0000000000000030       0x58 ./Core/Src/main.o
 .debug_ranges  0x0000000000000088       0x30 ./Core/Src/spi.o
 .debug_ranges  0x00000000000000b8       0x10 ./Core/Src/stm32f3xx_hal_msp.o
 .debug_ranges  0x00000000000000c8       0x78 ./Core/Src/stm32f3xx_it.o
 .debug_ranges  0x0000000000000140       0x18 ./Core/Src/system_stm32f3xx.o
 .debug_ranges  0x0000000000000158       0x20 ./Core/Src/tim.o
 .debug_ranges  0x0000000000000178       0x20 ./Core/Src/usb.o
 .debug_ranges  0x0000000000000198       0x20 ./Core/Startup/startup_stm32f303vctx.o
 .debug_ranges  0x00000000000001b8       0xd0 ./Drivers/STM32F3xx_HAL_Driver/Src/stm32f3xx_hal.o
 .debug_ranges  0x0000000000000288      0x108 ./Drivers/STM32F3xx_HAL_Driver/Src/stm32f3xx_hal_cortex.o
 .debug_ranges  0x0000000000000390       0x78 ./Drivers/STM32F3xx_HAL_Driver/Src/stm32f3xx_hal_dma.o
 .debug_ranges  0x0000000000000408       0x48 ./Drivers/STM32F3xx_HAL_Driver/Src/stm32f3xx_hal_gpio.o
 .debug_ranges  0x0000000000000450      0x280 ./Drivers/STM32F3xx_HAL_Driver/Src/stm32f3xx_hal_i2c.o
 .debug_ranges  0x00000000000006d0       0x38 ./Drivers/STM32F3xx_HAL_Driver/Src/stm32f3xx_hal_i2c_ex.o
 .debug_ranges  0x0000000000000708      0x128 ./Drivers/STM32F3xx_HAL_Driver/Src/stm32f3xx_hal_pcd.o
 .debug_ranges  0x0000000000000830       0x78 ./Drivers/STM32F3xx_HAL_Driver/Src/stm32f3xx_hal_rcc.o
 .debug_ranges  0x00000000000008a8       0x28 ./Drivers/STM32F3xx_HAL_Driver/Src/stm32f3xx_hal_rcc_ex.o
 .debug_ranges  0x00000000000008d0      0x1c8 ./Drivers/STM32F3xx_HAL_Driver/Src/stm32f3xx_hal_spi.o
 .debug_ranges  0x0000000000000a98      0x3d0 ./Drivers/STM32F3xx_HAL_Driver/Src/stm32f3xx_hal_tim.o
 .debug_ranges  0x0000000000000e68      0x168 ./Drivers/STM32F3xx_HAL_Driver/Src/stm32f3xx_hal_tim_ex.o
 .debug_ranges  0x0000000000000fd0       0xa0 ./Drivers/STM32F3xx_HAL_Driver/Src/stm32f3xx_ll_usb.o
 .debug_ranges  0x0000000000001070       0x20 ./Drivers/l3gd20/Gyro_kit9.o
 .debug_ranges  0x0000000000001090       0x70 ./Drivers/l3gd20/l3gd20.o

.debug_macro    0x0000000000000000    0x1f174
 .debug_macro   0x0000000000000000      0x215 ./Core/Src/gpio.o
 .debug_macro   0x0000000000000215      0xa78 ./Core/Src/gpio.o
 .debug_macro   0x0000000000000c8d      0x15d ./Core/Src/gpio.o
 .debug_macro   0x0000000000000dea       0x2e ./Core/Src/gpio.o
 .debug_macro   0x0000000000000e18       0x28 ./Core/Src/gpio.o
 .debug_macro   0x0000000000000e40       0x22 ./Core/Src/gpio.o
 .debug_macro   0x0000000000000e62       0x8e ./Core/Src/gpio.o
 .debug_macro   0x0000000000000ef0       0x51 ./Core/Src/gpio.o
 .debug_macro   0x0000000000000f41      0x103 ./Core/Src/gpio.o
 .debug_macro   0x0000000000001044       0x6a ./Core/Src/gpio.o
 .debug_macro   0x00000000000010ae      0x1df ./Core/Src/gpio.o
 .debug_macro   0x000000000000128d       0x1c ./Core/Src/gpio.o
 .debug_macro   0x00000000000012a9       0x22 ./Core/Src/gpio.o
 .debug_macro   0x00000000000012cb       0xd9 ./Core/Src/gpio.o
 .debug_macro   0x00000000000013a4     0x102d ./Core/Src/gpio.o
 .debug_macro   0x00000000000023d1      0x11f ./Core/Src/gpio.o
 .debug_macro   0x00000000000024f0    0x12a3a ./Core/Src/gpio.o
 .debug_macro   0x0000000000014f2a       0x6d ./Core/Src/gpio.o
 .debug_macro   0x0000000000014f97     0x3540 ./Core/Src/gpio.o
 .debug_macro   0x00000000000184d7      0x174 ./Core/Src/gpio.o
 .debug_macro   0x000000000001864b       0x55 ./Core/Src/gpio.o
 .debug_macro   0x00000000000186a0      0x962 ./Core/Src/gpio.o
 .debug_macro   0x0000000000019002      0x5fe ./Core/Src/gpio.o
 .debug_macro   0x0000000000019600      0x1b6 ./Core/Src/gpio.o
 .debug_macro   0x00000000000197b6      0x1fb ./Core/Src/gpio.o
 .debug_macro   0x00000000000199b1      0x1dc ./Core/Src/gpio.o
 .debug_macro   0x0000000000019b8d      0x1bc ./Core/Src/gpio.o
 .debug_macro   0x0000000000019d49       0x30 ./Core/Src/gpio.o
 .debug_macro   0x0000000000019d79       0x3c ./Core/Src/gpio.o
 .debug_macro   0x0000000000019db5      0x236 ./Core/Src/gpio.o
 .debug_macro   0x0000000000019feb       0xc5 ./Core/Src/gpio.o
 .debug_macro   0x000000000001a0b0      0x21d ./Core/Src/gpio.o
 .debug_macro   0x000000000001a2cd      0x22c ./Core/Src/gpio.o
 .debug_macro   0x000000000001a4f9       0x5b ./Core/Src/gpio.o
 .debug_macro   0x000000000001a554       0xa5 ./Core/Src/gpio.o
 .debug_macro   0x000000000001a5f9       0x65 ./Core/Src/gpio.o
 .debug_macro   0x000000000001a65e      0x249 ./Core/Src/gpio.o
 .debug_macro   0x000000000001a8a7       0x81 ./Core/Src/gpio.o
 .debug_macro   0x000000000001a928       0xd3 ./Core/Src/gpio.o
 .debug_macro   0x000000000001a9fb      0x2fe ./Core/Src/gpio.o
 .debug_macro   0x000000000001acf9      0xa3d ./Core/Src/gpio.o
 .debug_macro   0x000000000001b736       0x89 ./Core/Src/gpio.o
 .debug_macro   0x000000000001b7bf      0x275 ./Core/Src/gpio.o
 .debug_macro   0x000000000001ba34      0x154 ./Core/Src/gpio.o
 .debug_macro   0x000000000001bb88      0x215 ./Core/Src/i2c.o
 .debug_macro   0x000000000001bd9d      0x26b ./Core/Src/main.o
 .debug_macro   0x000000000001c008       0x16 ./Core/Src/main.o
 .debug_macro   0x000000000001c01e      0x211 ./Core/Src/main.o
 .debug_macro   0x000000000001c22f      0x215 ./Core/Src/spi.o
 .debug_macro   0x000000000001c444      0x20b ./Core/Src/stm32f3xx_hal_msp.o
 .debug_macro   0x000000000001c64f      0x215 ./Core/Src/stm32f3xx_it.o
 .debug_macro   0x000000000001c864      0x1fc ./Core/Src/system_stm32f3xx.o
 .debug_macro   0x000000000001ca60      0x215 ./Core/Src/tim.o
 .debug_macro   0x000000000001cc75      0x215 ./Core/Src/usb.o
 .debug_macro   0x000000000001ce8a      0x220 ./Drivers/STM32F3xx_HAL_Driver/Src/stm32f3xx_hal.o
 .debug_macro   0x000000000001d0aa      0x1fc ./Drivers/STM32F3xx_HAL_Driver/Src/stm32f3xx_hal_cortex.o
 .debug_macro   0x000000000001d2a6      0x1fc ./Drivers/STM32F3xx_HAL_Driver/Src/stm32f3xx_hal_dma.o
 .debug_macro   0x000000000001d4a2      0x203 ./Drivers/STM32F3xx_HAL_Driver/Src/stm32f3xx_hal_gpio.o
 .debug_macro   0x000000000001d6a5      0x2c1 ./Drivers/STM32F3xx_HAL_Driver/Src/stm32f3xx_hal_i2c.o
 .debug_macro   0x000000000001d966      0x1fc ./Drivers/STM32F3xx_HAL_Driver/Src/stm32f3xx_hal_i2c_ex.o
 .debug_macro   0x000000000001db62      0x208 ./Drivers/STM32F3xx_HAL_Driver/Src/stm32f3xx_hal_pcd.o
 .debug_macro   0x000000000001dd6a      0x220 ./Drivers/STM32F3xx_HAL_Driver/Src/stm32f3xx_hal_rcc.o
 .debug_macro   0x000000000001df8a      0x1fc ./Drivers/STM32F3xx_HAL_Driver/Src/stm32f3xx_hal_rcc_ex.o
 .debug_macro   0x000000000001e186      0x204 ./Drivers/STM32F3xx_HAL_Driver/Src/stm32f3xx_hal_spi.o
 .debug_macro   0x000000000001e38a      0x1fd ./Drivers/STM32F3xx_HAL_Driver/Src/stm32f3xx_hal_tim.o
 .debug_macro   0x000000000001e587      0x1fc ./Drivers/STM32F3xx_HAL_Driver/Src/stm32f3xx_hal_tim_ex.o
 .debug_macro   0x000000000001e783      0x1fc ./Drivers/STM32F3xx_HAL_Driver/Src/stm32f3xx_ll_usb.o
 .debug_macro   0x000000000001e97f      0x23d ./Drivers/l3gd20/Gyro_kit9.o
 .debug_macro   0x000000000001ebbc      0x15a ./Drivers/l3gd20/Gyro_kit9.o
 .debug_macro   0x000000000001ed16       0x10 ./Drivers/l3gd20/Gyro_kit9.o
 .debug_macro   0x000000000001ed26      0x217 ./Drivers/l3gd20/Gyro_kit9.o
 .debug_macro   0x000000000001ef3d      0x237 ./Drivers/l3gd20/l3gd20.o

.debug_line     0x0000000000000000    0x17f76
 .debug_line    0x0000000000000000      0x762 ./Core/Src/gpio.o
 .debug_line    0x0000000000000762      0x7c3 ./Core/Src/i2c.o
 .debug_line    0x0000000000000f25      0x971 ./Core/Src/main.o
 .debug_line    0x0000000000001896      0x7e7 ./Core/Src/spi.o
 .debug_line    0x000000000000207d      0x734 ./Core/Src/stm32f3xx_hal_msp.o
 .debug_line    0x00000000000027b1      0x86e ./Core/Src/stm32f3xx_it.o
 .debug_line    0x000000000000301f      0x7aa ./Core/Src/system_stm32f3xx.o
 .debug_line    0x00000000000037c9      0x7ae ./Core/Src/tim.o
 .debug_line    0x0000000000003f77      0x793 ./Core/Src/usb.o
 .debug_line    0x000000000000470a       0x88 ./Core/Startup/startup_stm32f303vctx.o
 .debug_line    0x0000000000004792      0x9df ./Drivers/STM32F3xx_HAL_Driver/Src/stm32f3xx_hal.o
 .debug_line    0x0000000000005171      0xca4 ./Drivers/STM32F3xx_HAL_Driver/Src/stm32f3xx_hal_cortex.o
 .debug_line    0x0000000000005e15      0xcf1 ./Drivers/STM32F3xx_HAL_Driver/Src/stm32f3xx_hal_dma.o
 .debug_line    0x0000000000006b06      0xb40 ./Drivers/STM32F3xx_HAL_Driver/Src/stm32f3xx_hal_gpio.o
 .debug_line    0x0000000000007646     0x32ee ./Drivers/STM32F3xx_HAL_Driver/Src/stm32f3xx_hal_i2c.o
 .debug_line    0x000000000000a934      0x951 ./Drivers/STM32F3xx_HAL_Driver/Src/stm32f3xx_hal_i2c_ex.o
 .debug_line    0x000000000000b285     0x1310 ./Drivers/STM32F3xx_HAL_Driver/Src/stm32f3xx_hal_pcd.o
 .debug_line    0x000000000000c595     0x13bc ./Drivers/STM32F3xx_HAL_Driver/Src/stm32f3xx_hal_rcc.o
 .debug_line    0x000000000000d951      0xd49 ./Drivers/STM32F3xx_HAL_Driver/Src/stm32f3xx_hal_rcc_ex.o
 .debug_line    0x000000000000e69a     0x1f9c ./Drivers/STM32F3xx_HAL_Driver/Src/stm32f3xx_hal_spi.o
 .debug_line    0x0000000000010636     0x3d2d ./Drivers/STM32F3xx_HAL_Driver/Src/stm32f3xx_hal_tim.o
 .debug_line    0x0000000000014363     0x1ac0 ./Drivers/STM32F3xx_HAL_Driver/Src/stm32f3xx_hal_tim_ex.o
 .debug_line    0x0000000000015e23      0xf93 ./Drivers/STM32F3xx_HAL_Driver/Src/stm32f3xx_ll_usb.o
 .debug_line    0x0000000000016db6      0x7d4 ./Drivers/l3gd20/Gyro_kit9.o
 .debug_line    0x000000000001758a      0x9ec ./Drivers/l3gd20/l3gd20.o

.debug_str      0x0000000000000000    0xb5d5c
 .debug_str     0x0000000000000000    0xafdac ./Core/Src/gpio.o
                                      0xb0440 (size before relaxing)
 .debug_str     0x00000000000afdac      0x809 ./Core/Src/i2c.o
                                      0xb0dc9 (size before relaxing)
 .debug_str     0x00000000000b05b5     0x135a ./Core/Src/main.o
                                      0xb1c4d (size before relaxing)
 .debug_str     0x00000000000b190f      0x25e ./Core/Src/spi.o
                                      0xb08c5 (size before relaxing)
 .debug_str     0x00000000000b1b6d       0x49 ./Core/Src/stm32f3xx_hal_msp.o
                                      0xb0392 (size before relaxing)
 .debug_str     0x00000000000b1bb6      0x105 ./Core/Src/stm32f3xx_it.o
                                      0xb0c53 (size before relaxing)
 .debug_str     0x00000000000b1cbb       0xe9 ./Core/Src/system_stm32f3xx.o
                                      0xaff4d (size before relaxing)
 .debug_str     0x00000000000b1da4      0x151 ./Core/Src/tim.o
                                      0xb0e78 (size before relaxing)
 .debug_str     0x00000000000b1ef5      0x348 ./Core/Src/usb.o
                                      0xb080c (size before relaxing)
 .debug_str     0x00000000000b223d       0x36 ./Core/Startup/startup_stm32f303vctx.o
                                         0x74 (size before relaxing)
 .debug_str     0x00000000000b2273      0x370 ./Drivers/STM32F3xx_HAL_Driver/Src/stm32f3xx_hal.o
                                      0xb078b (size before relaxing)
 .debug_str     0x00000000000b25e3      0x327 ./Drivers/STM32F3xx_HAL_Driver/Src/stm32f3xx_hal_cortex.o
                                      0xb07dd (size before relaxing)
 .debug_str     0x00000000000b290a      0x24d ./Drivers/STM32F3xx_HAL_Driver/Src/stm32f3xx_hal_dma.o
                                      0xb0295 (size before relaxing)
 .debug_str     0x00000000000b2b57      0x12b ./Drivers/STM32F3xx_HAL_Driver/Src/stm32f3xx_hal_gpio.o
                                      0xb00ba (size before relaxing)
 .debug_str     0x00000000000b2c82      0xcc7 ./Drivers/STM32F3xx_HAL_Driver/Src/stm32f3xx_hal_i2c.o
                                      0xb11b6 (size before relaxing)
 .debug_str     0x00000000000b3949       0xb8 ./Drivers/STM32F3xx_HAL_Driver/Src/stm32f3xx_hal_i2c_ex.o
                                      0xb0458 (size before relaxing)
 .debug_str     0x00000000000b3a01      0x4dd ./Drivers/STM32F3xx_HAL_Driver/Src/stm32f3xx_hal_pcd.o
                                      0xb074f (size before relaxing)
 .debug_str     0x00000000000b3ede      0x2c6 ./Drivers/STM32F3xx_HAL_Driver/Src/stm32f3xx_hal_rcc.o
                                      0xb03ed (size before relaxing)
 .debug_str     0x00000000000b41a4       0xbe ./Drivers/STM32F3xx_HAL_Driver/Src/stm32f3xx_hal_rcc_ex.o
                                      0xb01b1 (size before relaxing)
 .debug_str     0x00000000000b4262      0x54b ./Drivers/STM32F3xx_HAL_Driver/Src/stm32f3xx_hal_spi.o
                                      0xb0873 (size before relaxing)
 .debug_str     0x00000000000b47ad      0xdc5 ./Drivers/STM32F3xx_HAL_Driver/Src/stm32f3xx_hal_tim.o
                                      0xb1374 (size before relaxing)
 .debug_str     0x00000000000b5572      0x4dc ./Drivers/STM32F3xx_HAL_Driver/Src/stm32f3xx_hal_tim_ex.o
                                      0xb0bca (size before relaxing)
 .debug_str     0x00000000000b5a4e       0xd2 ./Drivers/STM32F3xx_HAL_Driver/Src/stm32f3xx_ll_usb.o
                                      0xb02b3 (size before relaxing)
 .debug_str     0x00000000000b5b20      0x114 ./Drivers/l3gd20/Gyro_kit9.o
                                      0xb0fbf (size before relaxing)
 .debug_str     0x00000000000b5c34      0x128 ./Drivers/l3gd20/l3gd20.o
                                      0xb0fbe (size before relaxing)

.comment        0x0000000000000000       0x50
 .comment       0x0000000000000000       0x50 ./Core/Src/gpio.o
                                         0x51 (size before relaxing)
 .comment       0x0000000000000050       0x51 ./Core/Src/i2c.o
 .comment       0x0000000000000050       0x51 ./Core/Src/main.o
 .comment       0x0000000000000050       0x51 ./Core/Src/spi.o
 .comment       0x0000000000000050       0x51 ./Core/Src/stm32f3xx_hal_msp.o
 .comment       0x0000000000000050       0x51 ./Core/Src/stm32f3xx_it.o
 .comment       0x0000000000000050       0x51 ./Core/Src/system_stm32f3xx.o
 .comment       0x0000000000000050       0x51 ./Core/Src/tim.o
 .comment       0x0000000000000050       0x51 ./Core/Src/usb.o
 .comment       0x0000000000000050       0x51 ./Drivers/STM32F3xx_HAL_Driver/Src/stm32f3xx_hal.o
 .comment       0x0000000000000050       0x51 ./Drivers/STM32F3xx_HAL_Driver/Src/stm32f3xx_hal_cortex.o
 .comment       0x0000000000000050       0x51 ./Drivers/STM32F3xx_HAL_Driver/Src/stm32f3xx_hal_dma.o
 .comment       0x0000000000000050       0x51 ./Drivers/STM32F3xx_HAL_Driver/Src/stm32f3xx_hal_gpio.o
 .comment       0x0000000000000050       0x51 ./Drivers/STM32F3xx_HAL_Driver/Src/stm32f3xx_hal_i2c.o
 .comment       0x0000000000000050       0x51 ./Drivers/STM32F3xx_HAL_Driver/Src/stm32f3xx_hal_i2c_ex.o
 .comment       0x0000000000000050       0x51 ./Drivers/STM32F3xx_HAL_Driver/Src/stm32f3xx_hal_pcd.o
 .comment       0x0000000000000050       0x51 ./Drivers/STM32F3xx_HAL_Driver/Src/stm32f3xx_hal_rcc.o
 .comment       0x0000000000000050       0x51 ./Drivers/STM32F3xx_HAL_Driver/Src/stm32f3xx_hal_rcc_ex.o
 .comment       0x0000000000000050       0x51 ./Drivers/STM32F3xx_HAL_Driver/Src/stm32f3xx_hal_spi.o
 .comment       0x0000000000000050       0x51 ./Drivers/STM32F3xx_HAL_Driver/Src/stm32f3xx_hal_tim.o
 .comment       0x0000000000000050       0x51 ./Drivers/STM32F3xx_HAL_Driver/Src/stm32f3xx_hal_tim_ex.o
 .comment       0x0000000000000050       0x51 ./Drivers/STM32F3xx_HAL_Driver/Src/stm32f3xx_ll_usb.o
 .comment       0x0000000000000050       0x51 ./Drivers/l3gd20/Gyro_kit9.o
 .comment       0x0000000000000050       0x51 ./Drivers/l3gd20/l3gd20.o

.debug_frame    0x0000000000000000     0x4cf4
 .debug_frame   0x0000000000000000       0x34 ./Core/Src/gpio.o
 .debug_frame   0x0000000000000034       0x74 ./Core/Src/i2c.o
 .debug_frame   0x00000000000000a8      0x16c ./Core/Src/main.o
 .debug_frame   0x0000000000000214       0xb4 ./Core/Src/spi.o
 .debug_frame   0x00000000000002c8       0x34 ./Core/Src/stm32f3xx_hal_msp.o
 .debug_frame   0x00000000000002fc      0x190 ./Core/Src/stm32f3xx_it.o
 .debug_frame   0x000000000000048c       0x58 ./Core/Src/system_stm32f3xx.o
 .debug_frame   0x00000000000004e4       0x7c ./Core/Src/tim.o
 .debug_frame   0x0000000000000560       0x74 ./Core/Src/usb.o
 .debug_frame   0x00000000000005d4      0x334 ./Drivers/STM32F3xx_HAL_Driver/Src/stm32f3xx_hal.o
 .debug_frame   0x0000000000000908      0x498 ./Drivers/STM32F3xx_HAL_Driver/Src/stm32f3xx_hal_cortex.o
 .debug_frame   0x0000000000000da0      0x224 ./Drivers/STM32F3xx_HAL_Driver/Src/stm32f3xx_hal_dma.o
 .debug_frame   0x0000000000000fc4      0x14c ./Drivers/STM32F3xx_HAL_Driver/Src/stm32f3xx_hal_gpio.o
 .debug_frame   0x0000000000001110      0xbe8 ./Drivers/STM32F3xx_HAL_Driver/Src/stm32f3xx_hal_i2c.o
 .debug_frame   0x0000000000001cf8      0x100 ./Drivers/STM32F3xx_HAL_Driver/Src/stm32f3xx_hal_i2c_ex.o
 .debug_frame   0x0000000000001df8      0x578 ./Drivers/STM32F3xx_HAL_Driver/Src/stm32f3xx_hal_pcd.o
 .debug_frame   0x0000000000002370      0x214 ./Drivers/STM32F3xx_HAL_Driver/Src/stm32f3xx_hal_rcc.o
 .debug_frame   0x0000000000002584       0xb4 ./Drivers/STM32F3xx_HAL_Driver/Src/stm32f3xx_hal_rcc_ex.o
 .debug_frame   0x0000000000002638      0x860 ./Drivers/STM32F3xx_HAL_Driver/Src/stm32f3xx_hal_spi.o
 .debug_frame   0x0000000000002e98     0x121c ./Drivers/STM32F3xx_HAL_Driver/Src/stm32f3xx_hal_tim.o
 .debug_frame   0x00000000000040b4      0x688 ./Drivers/STM32F3xx_HAL_Driver/Src/stm32f3xx_hal_tim_ex.o
 .debug_frame   0x000000000000473c      0x310 ./Drivers/STM32F3xx_HAL_Driver/Src/stm32f3xx_ll_usb.o
 .debug_frame   0x0000000000004a4c       0x7c ./Drivers/l3gd20/Gyro_kit9.o
 .debug_frame   0x0000000000004ac8      0x1e0 ./Drivers/l3gd20/l3gd20.o
 .debug_frame   0x0000000000004ca8       0x2c c:/st/stm32cubeide_1.11.0/stm32cubeide/plugins/com.st.stm32cube.ide.mcu.externaltools.gnu-tools-for-stm32.10.3-2021.10.win32_1.0.100.202210260954/tools/bin/../lib/gcc/arm-none-eabi/10.3.1/../../../../arm-none-eabi/lib/thumb/v7e-m+fp/hard\libc_nano.a(lib_a-init.o)
 .debug_frame   0x0000000000004cd4       0x20 c:/st/stm32cubeide_1.11.0/stm32cubeide/plugins/com.st.stm32cube.ide.mcu.externaltools.gnu-tools-for-stm32.10.3-2021.10.win32_1.0.100.202210260954/tools/bin/../lib/gcc/arm-none-eabi/10.3.1/../../../../arm-none-eabi/lib/thumb/v7e-m+fp/hard\libc_nano.a(lib_a-memset.o)
