../Core/Src/main.c:100:5:main	8	static
../Core/Src/main.c:187:6:SystemClock_Config	128	static
../Core/Src/main.c:236:6:HAL_TIM_PeriodElapsedCallback	16	static
../Core/Src/main.c:252:6:set_led	16	static
../Core/Src/main.c:297:6:HAL_I2C_SlaveTxCpltCallback	16	static
../Core/Src/main.c:312:6:HAL_I2C_SlaveRxCpltCallback	16	static
../Core/Src/main.c:350:6:HAL_I2C_AddrCallback	16	static
../Core/Src/main.c:382:6:HAL_I2C_ListenCpltCallback	16	static
../Core/Src/main.c:393:6:HAL_I2C_ErrorCallback	16	static
../Core/Src/main.c:410:6:Error_Handler	4	static,ignoring_inline_asm
